Log directory: ./experiments/AGCRN/SD/
2026-04-20 03:27:44,028 - Namespace(device='cuda', dataset='SD', years='2018', model_name='AGCRN', seed=2023, bs=64, seq_len=12, horizon=12, input_dim=3, output_dim=1, mode='train', max_epochs=100, patience=30, log_dir='/scratch/bcqc/tliao2/TrafficFM/experiments/AGCRN/sd/2018/', pretrained_path='', test_split=0, test_stride=1, test_num_windows=0, test_stride_mode='fixed', save_predictions=False, pred_out_dir='', pred_horizon=0, embed_dim=10, rnn_unit=64, num_layer=2, cheb_k=2, lrate=0.001, wdecay=0, clip_grad_value=0)
2026-04-20 03:27:45,522 - Data shape: (35040, 716, 3)
2026-04-20 03:27:45,580 - Sample num: 21010, Batch num: 329
2026-04-20 03:27:45,604 - Sample num: 7003, Batch num: 110
2026-04-20 03:27:45,656 - Sample num: 7004, Batch num: 110
2026-04-20 03:27:54,807 - The number of parameters: 760580
2026-04-20 03:27:54,826 - Start training!
Check mask value tensor(0., device='cuda:0')
2026-04-20 03:29:43,281 - Epoch: 001, Train Loss: 75.8454, Train RMSE: 104.0960, Train MAPE: 0.8800, Valid Loss: 35.8937, Valid RMSE: 55.2575, Valid MAPE: 0.2510, Train Time: 94.4752s/epoch, Valid Time: 13.9793s, LR: 1.0000e-03
2026-04-20 03:29:43,321 - Val loss decrease from inf to 35.8937
2026-04-20 03:31:30,953 - Epoch: 002, Train Loss: 31.1350, Train RMSE: 48.5555, Train MAPE: 0.2028, Valid Loss: 28.6587, Valid RMSE: 44.4923, Valid MAPE: 0.1739, Train Time: 93.8216s/epoch, Valid Time: 13.8095s, LR: 1.0000e-03
2026-04-20 03:31:30,968 - Val loss decrease from 35.8937 to 28.6587
2026-04-20 03:33:19,605 - Epoch: 003, Train Loss: 27.1358, Train RMSE: 42.1021, Train MAPE: 0.1683, Valid Loss: 26.3696, Valid RMSE: 40.7410, Valid MAPE: 0.1584, Train Time: 94.6336s/epoch, Valid Time: 14.0040s, LR: 1.0000e-03
2026-04-20 03:33:19,620 - Val loss decrease from 28.6587 to 26.3696
2026-04-20 03:35:08,266 - Epoch: 004, Train Loss: 24.7765, Train RMSE: 38.4054, Train MAPE: 0.1543, Valid Loss: 24.2893, Valid RMSE: 37.4624, Valid MAPE: 0.1488, Train Time: 94.6526s/epoch, Valid Time: 13.9926s, LR: 1.0000e-03
2026-04-20 03:35:08,281 - Val loss decrease from 26.3696 to 24.2893
2026-04-20 03:36:57,054 - Epoch: 005, Train Loss: 23.0446, Train RMSE: 35.7898, Train MAPE: 0.1438, Valid Loss: 22.4447, Valid RMSE: 35.0838, Valid MAPE: 0.1367, Train Time: 94.8012s/epoch, Valid Time: 13.9721s, LR: 1.0000e-03
2026-04-20 03:36:57,068 - Val loss decrease from 24.2893 to 22.4447
2026-04-20 03:38:45,911 - Epoch: 006, Train Loss: 21.7822, Train RMSE: 33.9950, Train MAPE: 0.1357, Valid Loss: 21.2145, Valid RMSE: 33.4171, Valid MAPE: 0.1262, Train Time: 94.8370s/epoch, Valid Time: 14.0048s, LR: 1.0000e-03
2026-04-20 03:38:45,924 - Val loss decrease from 22.4447 to 21.2145
2026-04-20 03:40:34,195 - Epoch: 007, Train Loss: 20.9393, Train RMSE: 32.8374, Train MAPE: 0.1302, Valid Loss: 20.8256, Valid RMSE: 32.4612, Valid MAPE: 0.1294, Train Time: 94.4112s/epoch, Valid Time: 13.8590s, LR: 1.0000e-03
2026-04-20 03:40:34,211 - Val loss decrease from 21.2145 to 20.8256
2026-04-20 03:42:21,940 - Epoch: 008, Train Loss: 20.0992, Train RMSE: 31.7049, Train MAPE: 0.1249, Valid Loss: 20.1403, Valid RMSE: 31.4220, Valid MAPE: 0.1313, Train Time: 93.8103s/epoch, Valid Time: 13.9188s, LR: 1.0000e-03
2026-04-20 03:42:21,956 - Val loss decrease from 20.8256 to 20.1403
2026-04-20 03:44:09,946 - Epoch: 009, Train Loss: 19.5112, Train RMSE: 30.8387, Train MAPE: 0.1218, Valid Loss: 20.0802, Valid RMSE: 31.4661, Valid MAPE: 0.1198, Train Time: 94.0337s/epoch, Valid Time: 13.9558s, LR: 1.0000e-03
2026-04-20 03:44:09,962 - Val loss decrease from 20.1403 to 20.0802
2026-04-20 03:45:58,284 - Epoch: 010, Train Loss: 18.9276, Train RMSE: 30.0650, Train MAPE: 0.1185, Valid Loss: 18.8867, Valid RMSE: 29.9985, Valid MAPE: 0.1156, Train Time: 94.4177s/epoch, Valid Time: 13.9039s, LR: 1.0000e-03
2026-04-20 03:45:58,300 - Val loss decrease from 20.0802 to 18.8867
2026-04-20 03:47:46,213 - Epoch: 011, Train Loss: 18.3909, Train RMSE: 29.3402, Train MAPE: 0.1144, Valid Loss: 19.0428, Valid RMSE: 30.1917, Valid MAPE: 0.1213, Train Time: 93.9488s/epoch, Valid Time: 13.9642s, LR: 1.0000e-03
2026-04-20 03:49:34,441 - Epoch: 012, Train Loss: 18.1324, Train RMSE: 28.9379, Train MAPE: 0.1141, Valid Loss: 18.3597, Valid RMSE: 29.2398, Valid MAPE: 0.1148, Train Time: 94.2347s/epoch, Valid Time: 13.9918s, LR: 1.0000e-03
2026-04-20 03:49:34,455 - Val loss decrease from 18.8867 to 18.3597
2026-04-20 03:51:22,835 - Epoch: 013, Train Loss: 17.7001, Train RMSE: 28.4054, Train MAPE: 0.1100, Valid Loss: 17.9225, Valid RMSE: 28.9084, Valid MAPE: 0.1112, Train Time: 94.4229s/epoch, Valid Time: 13.9564s, LR: 1.0000e-03
2026-04-20 03:51:22,850 - Val loss decrease from 18.3597 to 17.9225
2026-04-20 03:53:11,208 - Epoch: 014, Train Loss: 17.5443, Train RMSE: 28.1057, Train MAPE: 0.1110, Valid Loss: 17.7567, Valid RMSE: 28.6438, Valid MAPE: 0.1094, Train Time: 94.4164s/epoch, Valid Time: 13.9413s, LR: 1.0000e-03
2026-04-20 03:53:11,222 - Val loss decrease from 17.9225 to 17.7567
2026-04-20 03:54:59,449 - Epoch: 015, Train Loss: 17.2497, Train RMSE: 27.7531, Train MAPE: 0.1078, Valid Loss: 18.0211, Valid RMSE: 29.1443, Valid MAPE: 0.1115, Train Time: 94.2812s/epoch, Valid Time: 13.9457s, LR: 1.0000e-03
2026-04-20 03:56:48,019 - Epoch: 016, Train Loss: 17.0531, Train RMSE: 27.4782, Train MAPE: 0.1065, Valid Loss: 18.0656, Valid RMSE: 28.8981, Valid MAPE: 0.1077, Train Time: 94.5515s/epoch, Valid Time: 14.0179s, LR: 1.0000e-03
2026-04-20 03:58:36,459 - Epoch: 017, Train Loss: 16.9953, Train RMSE: 27.3830, Train MAPE: 0.1068, Valid Loss: 17.4853, Valid RMSE: 27.9053, Valid MAPE: 0.1182, Train Time: 94.4705s/epoch, Valid Time: 13.9686s, LR: 1.0000e-03
2026-04-20 03:58:36,474 - Val loss decrease from 17.7567 to 17.4853
2026-04-20 04:00:24,776 - Epoch: 018, Train Loss: 16.7610, Train RMSE: 27.0500, Train MAPE: 0.1053, Valid Loss: 17.0599, Valid RMSE: 27.5131, Valid MAPE: 0.1083, Train Time: 94.3573s/epoch, Valid Time: 13.9449s, LR: 1.0000e-03
2026-04-20 04:00:24,791 - Val loss decrease from 17.4853 to 17.0599
2026-04-20 04:02:13,251 - Epoch: 019, Train Loss: 16.5580, Train RMSE: 26.8166, Train MAPE: 0.1033, Valid Loss: 16.9682, Valid RMSE: 27.4721, Valid MAPE: 0.1042, Train Time: 94.4921s/epoch, Valid Time: 13.9671s, LR: 1.0000e-03
2026-04-20 04:02:13,265 - Val loss decrease from 17.0599 to 16.9682
2026-04-20 04:04:01,447 - Epoch: 020, Train Loss: 16.4703, Train RMSE: 26.6551, Train MAPE: 0.1033, Valid Loss: 16.8742, Valid RMSE: 27.3089, Valid MAPE: 0.1026, Train Time: 94.2445s/epoch, Valid Time: 13.9373s, LR: 1.0000e-03
2026-04-20 04:04:01,461 - Val loss decrease from 16.9682 to 16.8742
2026-04-20 04:05:49,721 - Epoch: 021, Train Loss: 16.3785, Train RMSE: 26.4951, Train MAPE: 0.1024, Valid Loss: 16.8869, Valid RMSE: 27.2996, Valid MAPE: 0.1040, Train Time: 94.2725s/epoch, Valid Time: 13.9875s, LR: 1.0000e-03
2026-04-20 04:07:38,154 - Epoch: 022, Train Loss: 16.2234, Train RMSE: 26.3743, Train MAPE: 0.1008, Valid Loss: 16.8054, Valid RMSE: 27.0368, Valid MAPE: 0.1047, Train Time: 94.4930s/epoch, Valid Time: 13.9384s, LR: 1.0000e-03
2026-04-20 04:07:38,206 - Val loss decrease from 16.8742 to 16.8054
2026-04-20 04:09:26,631 - Epoch: 023, Train Loss: 16.0783, Train RMSE: 26.1179, Train MAPE: 0.1000, Valid Loss: 16.8249, Valid RMSE: 27.2229, Valid MAPE: 0.1052, Train Time: 94.4239s/epoch, Valid Time: 14.0010s, LR: 1.0000e-03
2026-04-20 04:11:14,988 - Epoch: 024, Train Loss: 15.9521, Train RMSE: 25.9258, Train MAPE: 0.0994, Valid Loss: 16.7130, Valid RMSE: 26.9805, Valid MAPE: 0.1021, Train Time: 94.4038s/epoch, Valid Time: 13.9527s, LR: 1.0000e-03
2026-04-20 04:11:15,003 - Val loss decrease from 16.8054 to 16.7130
2026-04-20 04:13:03,305 - Epoch: 025, Train Loss: 15.8978, Train RMSE: 25.8892, Train MAPE: 0.0988, Valid Loss: 17.3792, Valid RMSE: 27.7796, Valid MAPE: 0.1065, Train Time: 94.3517s/epoch, Valid Time: 13.9499s, LR: 1.0000e-03
2026-04-20 04:14:51,623 - Epoch: 026, Train Loss: 15.7544, Train RMSE: 25.6648, Train MAPE: 0.0979, Valid Loss: 16.4541, Valid RMSE: 26.6505, Valid MAPE: 0.1017, Train Time: 94.3248s/epoch, Valid Time: 13.9930s, LR: 1.0000e-03
2026-04-20 04:14:51,638 - Val loss decrease from 16.7130 to 16.4541
2026-04-20 04:16:40,031 - Epoch: 027, Train Loss: 15.7027, Train RMSE: 25.5946, Train MAPE: 0.0978, Valid Loss: 16.4786, Valid RMSE: 26.4705, Valid MAPE: 0.1039, Train Time: 94.4362s/epoch, Valid Time: 13.9570s, LR: 1.0000e-03
2026-04-20 04:18:28,166 - Epoch: 028, Train Loss: 15.5860, Train RMSE: 25.4143, Train MAPE: 0.0970, Valid Loss: 16.5854, Valid RMSE: 26.7677, Valid MAPE: 0.1004, Train Time: 94.2093s/epoch, Valid Time: 13.9241s, LR: 1.0000e-03
2026-04-20 04:20:16,371 - Epoch: 029, Train Loss: 15.5169, Train RMSE: 25.3282, Train MAPE: 0.0962, Valid Loss: 16.1938, Valid RMSE: 26.3226, Valid MAPE: 0.0981, Train Time: 94.2687s/epoch, Valid Time: 13.9356s, LR: 1.0000e-03
2026-04-20 04:20:16,386 - Val loss decrease from 16.4541 to 16.1938
2026-04-20 04:22:04,896 - Epoch: 030, Train Loss: 15.4227, Train RMSE: 25.2185, Train MAPE: 0.0954, Valid Loss: 16.2962, Valid RMSE: 26.3678, Valid MAPE: 0.0989, Train Time: 94.5337s/epoch, Valid Time: 13.9763s, LR: 1.0000e-03
2026-04-20 04:23:53,268 - Epoch: 031, Train Loss: 15.3257, Train RMSE: 25.0802, Train MAPE: 0.0947, Valid Loss: 16.4021, Valid RMSE: 26.3819, Valid MAPE: 0.1016, Train Time: 94.4454s/epoch, Valid Time: 13.9254s, LR: 1.0000e-03
2026-04-20 04:25:41,580 - Epoch: 032, Train Loss: 15.2347, Train RMSE: 24.9490, Train MAPE: 0.0940, Valid Loss: 16.5358, Valid RMSE: 26.6932, Valid MAPE: 0.1011, Train Time: 94.3449s/epoch, Valid Time: 13.9664s, LR: 1.0000e-03
2026-04-20 04:27:30,026 - Epoch: 033, Train Loss: 15.2279, Train RMSE: 24.9531, Train MAPE: 0.0941, Valid Loss: 16.6705, Valid RMSE: 26.6230, Valid MAPE: 0.1084, Train Time: 94.5119s/epoch, Valid Time: 13.9332s, LR: 1.0000e-03
2026-04-20 04:29:18,067 - Epoch: 034, Train Loss: 15.1676, Train RMSE: 24.8594, Train MAPE: 0.0941, Valid Loss: 15.9938, Valid RMSE: 25.8978, Valid MAPE: 0.0991, Train Time: 94.1451s/epoch, Valid Time: 13.8949s, LR: 1.0000e-03
2026-04-20 04:29:18,082 - Val loss decrease from 16.1938 to 15.9938
2026-04-20 04:31:06,019 - Epoch: 035, Train Loss: 15.0921, Train RMSE: 24.7818, Train MAPE: 0.0931, Valid Loss: 16.5010, Valid RMSE: 26.0711, Valid MAPE: 0.1235, Train Time: 93.9889s/epoch, Valid Time: 13.9472s, LR: 1.0000e-03
2026-04-20 04:32:54,536 - Epoch: 036, Train Loss: 15.0964, Train RMSE: 24.7295, Train MAPE: 0.0939, Valid Loss: 15.8272, Valid RMSE: 25.8477, Valid MAPE: 0.0953, Train Time: 94.5089s/epoch, Valid Time: 14.0072s, LR: 1.0000e-03
2026-04-20 04:32:54,550 - Val loss decrease from 15.9938 to 15.8272
2026-04-20 04:34:42,963 - Epoch: 037, Train Loss: 14.9274, Train RMSE: 24.5681, Train MAPE: 0.0921, Valid Loss: 16.1541, Valid RMSE: 26.1543, Valid MAPE: 0.0972, Train Time: 94.4441s/epoch, Valid Time: 13.9686s, LR: 1.0000e-03
2026-04-20 04:36:31,424 - Epoch: 038, Train Loss: 14.9262, Train RMSE: 24.5173, Train MAPE: 0.0926, Valid Loss: 15.8147, Valid RMSE: 25.6602, Valid MAPE: 0.0965, Train Time: 94.5082s/epoch, Valid Time: 13.9515s, LR: 1.0000e-03
2026-04-20 04:36:31,438 - Val loss decrease from 15.8272 to 15.8147
2026-04-20 04:38:19,911 - Epoch: 039, Train Loss: 14.8764, Train RMSE: 24.4924, Train MAPE: 0.0918, Valid Loss: 15.8866, Valid RMSE: 25.8057, Valid MAPE: 0.0980, Train Time: 94.4991s/epoch, Valid Time: 13.9735s, LR: 1.0000e-03
2026-04-20 04:40:08,282 - Epoch: 040, Train Loss: 14.8667, Train RMSE: 24.4760, Train MAPE: 0.0922, Valid Loss: 15.9310, Valid RMSE: 25.9335, Valid MAPE: 0.0981, Train Time: 94.4126s/epoch, Valid Time: 13.9579s, LR: 1.0000e-03
2026-04-20 04:41:56,774 - Epoch: 041, Train Loss: 14.7634, Train RMSE: 24.3493, Train MAPE: 0.0911, Valid Loss: 16.0560, Valid RMSE: 25.9282, Valid MAPE: 0.0982, Train Time: 94.5172s/epoch, Valid Time: 13.9738s, LR: 1.0000e-03
2026-04-20 04:43:45,089 - Epoch: 042, Train Loss: 14.7364, Train RMSE: 24.2903, Train MAPE: 0.0910, Valid Loss: 15.7843, Valid RMSE: 25.6182, Valid MAPE: 0.0983, Train Time: 94.3469s/epoch, Valid Time: 13.9673s, LR: 1.0000e-03
2026-04-20 04:43:45,104 - Val loss decrease from 15.8147 to 15.7843
2026-04-20 04:45:33,447 - Epoch: 043, Train Loss: 14.6696, Train RMSE: 24.2151, Train MAPE: 0.0901, Valid Loss: 16.2313, Valid RMSE: 26.0766, Valid MAPE: 0.1020, Train Time: 94.4056s/epoch, Valid Time: 13.9375s, LR: 1.0000e-03
2026-04-20 04:47:21,834 - Epoch: 044, Train Loss: 14.6368, Train RMSE: 24.1483, Train MAPE: 0.0906, Valid Loss: 15.9890, Valid RMSE: 25.9448, Valid MAPE: 0.1010, Train Time: 94.4268s/epoch, Valid Time: 13.9587s, LR: 1.0000e-03
2026-04-20 04:49:10,218 - Epoch: 045, Train Loss: 14.6150, Train RMSE: 24.1208, Train MAPE: 0.0904, Valid Loss: 16.0315, Valid RMSE: 26.1626, Valid MAPE: 0.0964, Train Time: 94.4199s/epoch, Valid Time: 13.9631s, LR: 1.0000e-03
2026-04-20 04:50:58,688 - Epoch: 046, Train Loss: 14.5360, Train RMSE: 24.0319, Train MAPE: 0.0895, Valid Loss: 15.5939, Valid RMSE: 25.5912, Valid MAPE: 0.0941, Train Time: 94.4083s/epoch, Valid Time: 14.0609s, LR: 1.0000e-03
2026-04-20 04:50:58,702 - Val loss decrease from 15.7843 to 15.5939
2026-04-20 04:52:47,119 - Epoch: 047, Train Loss: 14.5606, Train RMSE: 24.0456, Train MAPE: 0.0901, Valid Loss: 15.5869, Valid RMSE: 25.4872, Valid MAPE: 0.0947, Train Time: 94.4283s/epoch, Valid Time: 13.9882s, LR: 1.0000e-03
2026-04-20 04:52:47,133 - Val loss decrease from 15.5939 to 15.5869
2026-04-20 04:54:35,482 - Epoch: 048, Train Loss: 14.4927, Train RMSE: 23.9608, Train MAPE: 0.0895, Valid Loss: 16.1290, Valid RMSE: 25.9430, Valid MAPE: 0.1053, Train Time: 94.4397s/epoch, Valid Time: 13.9097s, LR: 1.0000e-03
2026-04-20 04:56:23,687 - Epoch: 049, Train Loss: 14.5083, Train RMSE: 23.9806, Train MAPE: 0.0897, Valid Loss: 15.6164, Valid RMSE: 25.5641, Valid MAPE: 0.0973, Train Time: 94.2524s/epoch, Valid Time: 13.9511s, LR: 1.0000e-03
2026-04-20 04:58:12,044 - Epoch: 050, Train Loss: 14.3922, Train RMSE: 23.8250, Train MAPE: 0.0888, Valid Loss: 15.6324, Valid RMSE: 25.5180, Valid MAPE: 0.0941, Train Time: 94.3869s/epoch, Valid Time: 13.9696s, LR: 1.0000e-03
2026-04-20 05:00:00,343 - Epoch: 051, Train Loss: 14.3373, Train RMSE: 23.7818, Train MAPE: 0.0878, Valid Loss: 15.5760, Valid RMSE: 25.4510, Valid MAPE: 0.0970, Train Time: 94.3573s/epoch, Valid Time: 13.9406s, LR: 1.0000e-03
2026-04-20 05:00:00,358 - Val loss decrease from 15.5869 to 15.5760
2026-04-20 05:01:48,760 - Epoch: 052, Train Loss: 14.3179, Train RMSE: 23.7255, Train MAPE: 0.0882, Valid Loss: 15.8232, Valid RMSE: 25.6195, Valid MAPE: 0.0963, Train Time: 94.4110s/epoch, Valid Time: 13.9908s, LR: 1.0000e-03
2026-04-20 05:03:37,178 - Epoch: 053, Train Loss: 14.3278, Train RMSE: 23.7218, Train MAPE: 0.0887, Valid Loss: 15.6293, Valid RMSE: 25.4283, Valid MAPE: 0.0969, Train Time: 94.4594s/epoch, Valid Time: 13.9571s, LR: 1.0000e-03
2026-04-20 05:05:25,410 - Epoch: 054, Train Loss: 14.2793, Train RMSE: 23.6953, Train MAPE: 0.0879, Valid Loss: 15.5793, Valid RMSE: 25.4350, Valid MAPE: 0.0937, Train Time: 94.2969s/epoch, Valid Time: 13.9350s, LR: 1.0000e-03
2026-04-20 05:07:13,654 - Epoch: 055, Train Loss: 14.2522, Train RMSE: 23.6230, Train MAPE: 0.0877, Valid Loss: 15.9329, Valid RMSE: 25.6766, Valid MAPE: 0.0995, Train Time: 94.3001s/epoch, Valid Time: 13.9422s, LR: 1.0000e-03
2026-04-20 05:09:02,124 - Epoch: 056, Train Loss: 14.2090, Train RMSE: 23.5695, Train MAPE: 0.0877, Valid Loss: 15.3759, Valid RMSE: 25.2557, Valid MAPE: 0.0922, Train Time: 94.4817s/epoch, Valid Time: 13.9877s, LR: 1.0000e-03
2026-04-20 05:09:02,138 - Val loss decrease from 15.5760 to 15.3759
2026-04-20 05:10:50,720 - Epoch: 057, Train Loss: 14.1654, Train RMSE: 23.5100, Train MAPE: 0.0870, Valid Loss: 15.5433, Valid RMSE: 25.2496, Valid MAPE: 0.1016, Train Time: 94.6203s/epoch, Valid Time: 13.9613s, LR: 1.0000e-03
2026-04-20 05:12:39,186 - Epoch: 058, Train Loss: 14.1536, Train RMSE: 23.4814, Train MAPE: 0.0876, Valid Loss: 15.5421, Valid RMSE: 25.3637, Valid MAPE: 0.0949, Train Time: 94.5121s/epoch, Valid Time: 13.9529s, LR: 1.0000e-03
2026-04-20 05:14:27,674 - Epoch: 059, Train Loss: 14.0793, Train RMSE: 23.4051, Train MAPE: 0.0865, Valid Loss: 15.5406, Valid RMSE: 25.4840, Valid MAPE: 0.0925, Train Time: 94.5033s/epoch, Valid Time: 13.9832s, LR: 1.0000e-03
2026-04-20 05:16:16,103 - Epoch: 060, Train Loss: 14.0839, Train RMSE: 23.3846, Train MAPE: 0.0867, Valid Loss: 15.2634, Valid RMSE: 25.0874, Valid MAPE: 0.0915, Train Time: 94.4844s/epoch, Valid Time: 13.9444s, LR: 1.0000e-03
2026-04-20 05:16:16,118 - Val loss decrease from 15.3759 to 15.2634
2026-04-20 05:18:04,435 - Epoch: 061, Train Loss: 14.0854, Train RMSE: 23.3914, Train MAPE: 0.0871, Valid Loss: 15.4459, Valid RMSE: 25.2855, Valid MAPE: 0.0923, Train Time: 94.3188s/epoch, Valid Time: 13.9978s, LR: 1.0000e-03
2026-04-20 05:19:52,670 - Epoch: 062, Train Loss: 13.9838, Train RMSE: 23.2559, Train MAPE: 0.0862, Valid Loss: 15.4650, Valid RMSE: 25.2836, Valid MAPE: 0.0928, Train Time: 94.3190s/epoch, Valid Time: 13.9161s, LR: 1.0000e-03
2026-04-20 05:21:41,110 - Epoch: 063, Train Loss: 14.0080, Train RMSE: 23.2646, Train MAPE: 0.0867, Valid Loss: 15.4641, Valid RMSE: 25.3304, Valid MAPE: 0.0948, Train Time: 94.5042s/epoch, Valid Time: 13.9342s, LR: 1.0000e-03
2026-04-20 05:23:29,486 - Epoch: 064, Train Loss: 13.9444, Train RMSE: 23.2012, Train MAPE: 0.0859, Valid Loss: 15.4546, Valid RMSE: 25.3036, Valid MAPE: 0.0926, Train Time: 94.4154s/epoch, Valid Time: 13.9600s, LR: 1.0000e-03
2026-04-20 05:25:17,739 - Epoch: 065, Train Loss: 13.9029, Train RMSE: 23.1514, Train MAPE: 0.0853, Valid Loss: 15.4066, Valid RMSE: 25.2076, Valid MAPE: 0.0943, Train Time: 94.3273s/epoch, Valid Time: 13.9249s, LR: 1.0000e-03
2026-04-20 05:27:06,134 - Epoch: 066, Train Loss: 13.8990, Train RMSE: 23.1340, Train MAPE: 0.0855, Valid Loss: 15.4354, Valid RMSE: 25.2687, Valid MAPE: 0.0916, Train Time: 94.4563s/epoch, Valid Time: 13.9378s, LR: 1.0000e-03
2026-04-20 05:28:54,466 - Epoch: 067, Train Loss: 13.8969, Train RMSE: 23.1075, Train MAPE: 0.0857, Valid Loss: 15.4795, Valid RMSE: 25.2531, Valid MAPE: 0.0943, Train Time: 94.3672s/epoch, Valid Time: 13.9643s, LR: 1.0000e-03
2026-04-20 05:30:42,767 - Epoch: 068, Train Loss: 13.8337, Train RMSE: 23.0451, Train MAPE: 0.0850, Valid Loss: 15.4200, Valid RMSE: 25.2758, Valid MAPE: 0.0930, Train Time: 94.3435s/epoch, Valid Time: 13.9565s, LR: 1.0000e-03
2026-04-20 05:32:31,055 - Epoch: 069, Train Loss: 13.8219, Train RMSE: 23.0300, Train MAPE: 0.0850, Valid Loss: 15.4848, Valid RMSE: 25.3141, Valid MAPE: 0.0933, Train Time: 94.3039s/epoch, Valid Time: 13.9830s, LR: 1.0000e-03
2026-04-20 05:34:19,480 - Epoch: 070, Train Loss: 13.7873, Train RMSE: 22.9742, Train MAPE: 0.0848, Valid Loss: 15.5698, Valid RMSE: 25.4039, Valid MAPE: 0.0953, Train Time: 94.4581s/epoch, Valid Time: 13.9663s, LR: 1.0000e-03
2026-04-20 05:36:07,808 - Epoch: 071, Train Loss: 13.7856, Train RMSE: 22.9606, Train MAPE: 0.0850, Valid Loss: 16.2204, Valid RMSE: 25.8095, Valid MAPE: 0.1059, Train Time: 94.3627s/epoch, Valid Time: 13.9640s, LR: 1.0000e-03
2026-04-20 05:37:56,123 - Epoch: 072, Train Loss: 13.7605, Train RMSE: 22.9121, Train MAPE: 0.0849, Valid Loss: 15.1339, Valid RMSE: 24.9491, Valid MAPE: 0.0905, Train Time: 94.3823s/epoch, Valid Time: 13.9318s, LR: 1.0000e-03
2026-04-20 05:37:56,138 - Val loss decrease from 15.2634 to 15.1339
2026-04-20 05:39:44,480 - Epoch: 073, Train Loss: 13.7040, Train RMSE: 22.8460, Train MAPE: 0.0844, Valid Loss: 15.2686, Valid RMSE: 25.0644, Valid MAPE: 0.0919, Train Time: 94.4040s/epoch, Valid Time: 13.9374s, LR: 1.0000e-03
2026-04-20 05:41:32,611 - Epoch: 074, Train Loss: 13.6855, Train RMSE: 22.8175, Train MAPE: 0.0844, Valid Loss: 15.4050, Valid RMSE: 25.1628, Valid MAPE: 0.0928, Train Time: 94.1908s/epoch, Valid Time: 13.9392s, LR: 1.0000e-03
2026-04-20 05:43:20,828 - Epoch: 075, Train Loss: 13.6746, Train RMSE: 22.8042, Train MAPE: 0.0843, Valid Loss: 16.0348, Valid RMSE: 25.8437, Valid MAPE: 0.0974, Train Time: 94.2291s/epoch, Valid Time: 13.9876s, LR: 1.0000e-03
2026-04-20 05:45:09,252 - Epoch: 076, Train Loss: 13.6686, Train RMSE: 22.7902, Train MAPE: 0.0844, Valid Loss: 15.5604, Valid RMSE: 25.4212, Valid MAPE: 0.0919, Train Time: 94.4540s/epoch, Valid Time: 13.9688s, LR: 1.0000e-03
2026-04-20 05:46:57,743 - Epoch: 077, Train Loss: 13.6212, Train RMSE: 22.7245, Train MAPE: 0.0840, Valid Loss: 15.3088, Valid RMSE: 24.9800, Valid MAPE: 0.0951, Train Time: 94.5508s/epoch, Valid Time: 13.9397s, LR: 1.0000e-03
2026-04-20 05:48:46,111 - Epoch: 078, Train Loss: 13.5759, Train RMSE: 22.6712, Train MAPE: 0.0835, Valid Loss: 15.2387, Valid RMSE: 25.0632, Valid MAPE: 0.0908, Train Time: 94.4012s/epoch, Valid Time: 13.9659s, LR: 1.0000e-03
2026-04-20 05:50:34,446 - Epoch: 079, Train Loss: 13.5934, Train RMSE: 22.6754, Train MAPE: 0.0841, Valid Loss: 15.3655, Valid RMSE: 25.1682, Valid MAPE: 0.0945, Train Time: 94.4360s/epoch, Valid Time: 13.8982s, LR: 1.0000e-03
2026-04-20 05:52:22,805 - Epoch: 080, Train Loss: 13.5535, Train RMSE: 22.6307, Train MAPE: 0.0835, Valid Loss: 15.3621, Valid RMSE: 25.0987, Valid MAPE: 0.0945, Train Time: 94.4155s/epoch, Valid Time: 13.9428s, LR: 1.0000e-03
2026-04-20 05:54:11,132 - Epoch: 081, Train Loss: 13.5166, Train RMSE: 22.5916, Train MAPE: 0.0831, Valid Loss: 15.2091, Valid RMSE: 24.9509, Valid MAPE: 0.0920, Train Time: 94.3481s/epoch, Valid Time: 13.9778s, LR: 1.0000e-03
2026-04-20 05:55:59,264 - Epoch: 082, Train Loss: 13.4882, Train RMSE: 22.5549, Train MAPE: 0.0830, Valid Loss: 15.1968, Valid RMSE: 24.9776, Valid MAPE: 0.0907, Train Time: 94.1975s/epoch, Valid Time: 13.9340s, LR: 1.0000e-03
2026-04-20 05:57:47,557 - Epoch: 083, Train Loss: 13.4838, Train RMSE: 22.5259, Train MAPE: 0.0830, Valid Loss: 15.3635, Valid RMSE: 25.0543, Valid MAPE: 0.0967, Train Time: 94.3202s/epoch, Valid Time: 13.9719s, LR: 1.0000e-03
2026-04-20 05:59:36,005 - Epoch: 084, Train Loss: 13.4423, Train RMSE: 22.4672, Train MAPE: 0.0828, Valid Loss: 15.0087, Valid RMSE: 24.8349, Valid MAPE: 0.0896, Train Time: 94.4881s/epoch, Valid Time: 13.9585s, LR: 1.0000e-03
2026-04-20 05:59:36,020 - Val loss decrease from 15.1339 to 15.0087
2026-04-20 06:01:24,519 - Epoch: 085, Train Loss: 13.4663, Train RMSE: 22.4841, Train MAPE: 0.0834, Valid Loss: 15.1411, Valid RMSE: 24.9281, Valid MAPE: 0.0935, Train Time: 94.5606s/epoch, Valid Time: 13.9386s, LR: 1.0000e-03
2026-04-20 06:03:12,924 - Epoch: 086, Train Loss: 13.4006, Train RMSE: 22.4209, Train MAPE: 0.0823, Valid Loss: 15.4209, Valid RMSE: 25.2227, Valid MAPE: 0.0924, Train Time: 94.4115s/epoch, Valid Time: 13.9927s, LR: 1.0000e-03
2026-04-20 06:05:01,145 - Epoch: 087, Train Loss: 13.4230, Train RMSE: 22.4221, Train MAPE: 0.0831, Valid Loss: 15.0633, Valid RMSE: 24.7999, Valid MAPE: 0.0904, Train Time: 94.2830s/epoch, Valid Time: 13.9368s, LR: 1.0000e-03
2026-04-20 06:06:49,633 - Epoch: 088, Train Loss: 13.3793, Train RMSE: 22.3930, Train MAPE: 0.0822, Valid Loss: 15.0817, Valid RMSE: 24.8551, Valid MAPE: 0.0908, Train Time: 94.5308s/epoch, Valid Time: 13.9567s, LR: 1.0000e-03
2026-04-20 06:08:38,030 - Epoch: 089, Train Loss: 13.3783, Train RMSE: 22.3835, Train MAPE: 0.0825, Valid Loss: 15.1914, Valid RMSE: 24.9028, Valid MAPE: 0.0913, Train Time: 94.4566s/epoch, Valid Time: 13.9395s, LR: 1.0000e-03
2026-04-20 06:10:26,494 - Epoch: 090, Train Loss: 13.3655, Train RMSE: 22.3623, Train MAPE: 0.0827, Valid Loss: 15.1716, Valid RMSE: 24.9521, Valid MAPE: 0.0915, Train Time: 94.5082s/epoch, Valid Time: 13.9555s, LR: 1.0000e-03
2026-04-20 06:12:14,976 - Epoch: 091, Train Loss: 13.3072, Train RMSE: 22.2831, Train MAPE: 0.0820, Valid Loss: 15.2094, Valid RMSE: 24.9550, Valid MAPE: 0.0912, Train Time: 94.5306s/epoch, Valid Time: 13.9502s, LR: 1.0000e-03
2026-04-20 06:14:03,367 - Epoch: 092, Train Loss: 13.3004, Train RMSE: 22.2796, Train MAPE: 0.0820, Valid Loss: 15.2462, Valid RMSE: 24.8922, Valid MAPE: 0.0966, Train Time: 94.4544s/epoch, Valid Time: 13.9358s, LR: 1.0000e-03
2026-04-20 06:15:51,707 - Epoch: 093, Train Loss: 13.2580, Train RMSE: 22.2219, Train MAPE: 0.0816, Valid Loss: 15.3403, Valid RMSE: 25.1779, Valid MAPE: 0.0916, Train Time: 94.3918s/epoch, Valid Time: 13.9473s, LR: 1.0000e-03
2026-04-20 06:17:40,251 - Epoch: 094, Train Loss: 13.2520, Train RMSE: 22.2112, Train MAPE: 0.0816, Valid Loss: 14.9831, Valid RMSE: 24.7684, Valid MAPE: 0.0909, Train Time: 94.5525s/epoch, Valid Time: 13.9901s, LR: 1.0000e-03
2026-04-20 06:17:40,266 - Val loss decrease from 15.0087 to 14.9831
2026-04-20 06:19:28,817 - Epoch: 095, Train Loss: 13.2361, Train RMSE: 22.1824, Train MAPE: 0.0816, Valid Loss: 15.2501, Valid RMSE: 25.0054, Valid MAPE: 0.0916, Train Time: 94.5869s/epoch, Valid Time: 13.9644s, LR: 1.0000e-03
2026-04-20 06:21:17,314 - Epoch: 096, Train Loss: 13.2242, Train RMSE: 22.1642, Train MAPE: 0.0815, Valid Loss: 15.1652, Valid RMSE: 24.7825, Valid MAPE: 0.0954, Train Time: 94.5241s/epoch, Valid Time: 13.9720s, LR: 1.0000e-03
2026-04-20 06:23:05,775 - Epoch: 097, Train Loss: 13.1739, Train RMSE: 22.1150, Train MAPE: 0.0808, Valid Loss: 15.0294, Valid RMSE: 24.7248, Valid MAPE: 0.0912, Train Time: 94.4905s/epoch, Valid Time: 13.9696s, LR: 1.0000e-03
2026-04-20 06:24:54,196 - Epoch: 098, Train Loss: 13.1685, Train RMSE: 22.1094, Train MAPE: 0.0809, Valid Loss: 15.3800, Valid RMSE: 25.1097, Valid MAPE: 0.0923, Train Time: 94.4770s/epoch, Valid Time: 13.9432s, LR: 1.0000e-03
2026-04-20 06:26:42,728 - Epoch: 099, Train Loss: 13.2004, Train RMSE: 22.1326, Train MAPE: 0.0814, Valid Loss: 15.3821, Valid RMSE: 25.2098, Valid MAPE: 0.0910, Train Time: 94.5438s/epoch, Valid Time: 13.9874s, LR: 1.0000e-03
2026-04-20 06:28:31,104 - Epoch: 100, Train Loss: 13.1645, Train RMSE: 22.0862, Train MAPE: 0.0812, Valid Loss: 15.0589, Valid RMSE: 24.7570, Valid MAPE: 0.0934, Train Time: 94.4212s/epoch, Valid Time: 13.9538s, LR: 1.0000e-03
Check mask value tensor(0.)
2026-04-20 06:28:43,756 - Horizon 1, Test MAE: 12.3317, Test RMSE: 19.3399, Test MAPE: 0.0788
2026-04-20 06:28:43,854 - Horizon 2, Test MAE: 13.6715, Test RMSE: 21.8980, Test MAPE: 0.0855
2026-04-20 06:28:43,952 - Horizon 3, Test MAE: 14.7986, Test RMSE: 23.8178, Test MAPE: 0.0910
2026-04-20 06:28:44,050 - Horizon 4, Test MAE: 15.6408, Test RMSE: 25.1958, Test MAPE: 0.0974
2026-04-20 06:28:44,146 - Horizon 5, Test MAE: 16.3898, Test RMSE: 26.4485, Test MAPE: 0.1013
2026-04-20 06:28:44,242 - Horizon 6, Test MAE: 17.2067, Test RMSE: 27.8440, Test MAPE: 0.1062
2026-04-20 06:28:44,339 - Horizon 7, Test MAE: 17.8959, Test RMSE: 29.0246, Test MAPE: 0.1110
2026-04-20 06:28:44,436 - Horizon 8, Test MAE: 18.5361, Test RMSE: 30.2057, Test MAPE: 0.1173
2026-04-20 06:28:44,532 - Horizon 9, Test MAE: 19.1257, Test RMSE: 31.4110, Test MAPE: 0.1211
2026-04-20 06:28:44,629 - Horizon 10, Test MAE: 19.7831, Test RMSE: 32.7816, Test MAPE: 0.1259
2026-04-20 06:28:44,726 - Horizon 11, Test MAE: 20.2592, Test RMSE: 33.9293, Test MAPE: 0.1284
2026-04-20 06:28:44,824 - Horizon 12, Test MAE: 20.7940, Test RMSE: 35.2084, Test MAPE: 0.1316
2026-04-20 06:28:44,825 - Average Test MAE: 17.2028, Test RMSE: 28.0921, Test MAPE: 0.1079
