Using CPython 3.10.20
Creating virtual environment at: gnn/.venv
Downloading nvidia-cufile-cu12 (1.1MiB)
Downloading networkx (1.6MiB)
Downloading sympy (6.0MiB)
Downloading nvidia-cuda-cupti-cu12 (9.8MiB)
Downloading nvidia-cuda-nvrtc-cu12 (84.0MiB)
Downloading nvidia-cusparse-cu12 (274.9MiB)
Downloading nvidia-nvjitlink-cu12 (37.4MiB)
Downloading nvidia-cublas-cu12 (566.8MiB)
Downloading nvidia-cudnn-cu12 (674.0MiB)
Downloading nvidia-cusolver-cu12 (255.1MiB)
Downloading nvidia-cufft-cu12 (184.2MiB)
Downloading nvidia-cusparselt-cu12 (273.9MiB)
Downloading triton (179.4MiB)
Downloading nvidia-nccl-cu12 (307.4MiB)
Downloading h5py (4.8MiB)
Downloading cuda-bindings (11.6MiB)
Downloading nvidia-nvshmem-cu12 (132.7MiB)
Downloading torch (873.2MiB)
Downloading nvidia-curand-cu12 (60.7MiB)
 Downloaded nvidia-cufile-cu12
 Downloaded networkx
 Downloaded h5py
 Downloaded nvidia-cuda-cupti-cu12
 Downloaded cuda-bindings
 Downloaded sympy
 Downloaded nvidia-nvjitlink-cu12
 Downloaded nvidia-curand-cu12
 Downloaded nvidia-cuda-nvrtc-cu12
 Downloaded nvidia-nvshmem-cu12
 Downloaded nvidia-cufft-cu12
 Downloaded triton
 Downloaded nvidia-cusolver-cu12
 Downloaded nvidia-cusparselt-cu12
 Downloaded nvidia-cusparse-cu12
 Downloaded nvidia-nccl-cu12
 Downloaded nvidia-cublas-cu12
 Downloaded nvidia-cudnn-cu12
 Downloaded torch
Installed 85 packages in 39.59s
Traceback (most recent call last):
  File "/u/tliao2/.local/share/uv/python/cpython-3.10-linux-x86_64-gnu/lib/python3.10/runpy.py", line 196, in _run_module_as_main
    return _run_code(code, main_globals, None,
  File "/u/tliao2/.local/share/uv/python/cpython-3.10-linux-x86_64-gnu/lib/python3.10/runpy.py", line 86, in _run_code
    exec(code, run_globals)
  File "/u/tliao2/TrafficFM/benchmark/gnn/agcrn.py", line 162, in <module>
    main()
  File "/u/tliao2/TrafficFM/benchmark/gnn/agcrn.py", line 117, in main
    data_path, _, node_num = get_dataset_info(args.dataset)
  File "/u/tliao2/TrafficFM/benchmark/gnn/../gnn/src/utils/dataloader.py", line 197, in get_dataset_info
    assert dataset in d.keys()
AssertionError
