Results will be saved to: /scratch/bcqc/tliao2/TrafficFM/results/Moirai2
Evaluating Moirai2 from Salesforce/moirai-2.0-R-small
Processing dataset: sd_val/2018/15T (1 of 1)
Prediction length: 3
Dataset size: 14320
Model - MoiraiQuantile loaded with batch_size: 64
Results for sd_val/2018/15T have been written to /scratch/bcqc/tliao2/TrafficFM/results/Moirai2/all_results.csv
Prediction length: 6
Dataset size: 14320
Model - MoiraiQuantile loaded with batch_size: 64
Results for sd_val/2018/15T have been written to /scratch/bcqc/tliao2/TrafficFM/results/Moirai2/all_results.csv
Prediction length: 12
Dataset size: 14320
Model - MoiraiQuantile loaded with batch_size: 64
Results for sd_val/2018/15T have been written to /scratch/bcqc/tliao2/TrafficFM/results/Moirai2/all_results.csv

Final aggregated results:
              dataset    model  ...     domain  num_variates
0   sd_val/2018/short  Moirai2  ...  Transport             1
1  sd_val/2018/medium  Moirai2  ...  Transport             1
2    sd_val/2018/long  Moirai2  ...  Transport             1

[3 rows x 15 columns]
