Log directory: /scratch/bcqc/tliao2/TrafficFM/experiments/mamba/SD/2019/
2026-04-26 17:20:08,208 - Namespace(device='cuda', dataset='SD', years='2019', model_name='mamba', seed=2023, bs=64, seq_len=12, horizon=12, input_dim=3, output_dim=1, mode='train', max_epochs=100, patience=30, log_dir='/scratch/bcqc/tliao2/TrafficFM/experiments/mamba/SD/2019/', pretrained_path='', test_split=0, test_stride=1, test_num_windows=0, test_stride_mode='fixed', save_predictions=False, pred_out_dir='', pred_horizon=0, d_model=64, d_state=16, d_conv=4, expand=2, num_layers=2, embed_dim=10, lrate=0.001, wdecay=0.0, clip_grad_value=5.0, wandb_project='TrafficFM', max_train_samples=5000)
2026-04-26 17:20:09,826 - Data shape: (35040, 716, 3)
2026-04-26 17:20:09,894 - Sample num: 21010, Batch num: 329
2026-04-26 17:20:09,923 - Sample num: 7003, Batch num: 110
2026-04-26 17:20:09,982 - Sample num: 7004, Batch num: 110
2026-04-26 17:20:10,031 - max_train_samples=5000: train set 截斷為 5000 個樣本
2026-04-26 17:20:10,124 - [DataLoader] x shape: (64, 12, 716, 3)  (B, T, N, F)
2026-04-26 17:20:10,124 - [DataLoader] y shape: (64, 12, 716, 1)  (B, horizon, N, 1)
2026-04-26 17:20:10,782 - [TrafficMamba] input:  (2, 12, 716, 3)
2026-04-26 17:20:10,783 - [TrafficMamba] output: (2, 12, 716, 1)
2026-04-26 17:20:17,072 - The number of parameters: 109508
2026-04-26 17:20:17,095 - Start training!
Check mask value tensor(-1.5259e-05, device='cuda:0')
2026-04-26 17:22:24,235 - Epoch: 001, Train Loss: 68.5747, Train RMSE: 99.2824, Train MAPE: 0.8042, Valid Loss: 49.5705, Valid RMSE: 80.4312, Valid MAPE: 0.3729, Train Time: 89.5299s/epoch, Valid Time: 37.6095s, LR: 1.0000e-03
2026-04-26 17:22:24,461 - Val loss decrease from inf to 49.5705
2026-04-26 17:24:29,620 - Epoch: 002, Train Loss: 47.1720, Train RMSE: 74.7526, Train MAPE: 0.4144, Valid Loss: 45.0362, Valid RMSE: 71.7119, Valid MAPE: 0.3578, Train Time: 87.6267s/epoch, Valid Time: 37.5323s, LR: 1.0000e-03
2026-04-26 17:24:29,651 - Val loss decrease from 49.5705 to 45.0362
2026-04-26 17:26:34,843 - Epoch: 003, Train Loss: 42.0448, Train RMSE: 67.3311, Train MAPE: 0.3297, Valid Loss: 46.9408, Valid RMSE: 73.0654, Valid MAPE: 0.3163, Train Time: 87.6540s/epoch, Valid Time: 37.5377s, LR: 1.0000e-03
2026-04-26 17:28:40,122 - Epoch: 004, Train Loss: 38.0303, Train RMSE: 60.2889, Train MAPE: 0.2958, Valid Loss: 36.6905, Valid RMSE: 58.4777, Valid MAPE: 0.2731, Train Time: 87.6787s/epoch, Valid Time: 37.5965s, LR: 1.0000e-03
2026-04-26 17:28:40,214 - Val loss decrease from 45.0362 to 36.6905
2026-04-26 17:30:45,447 - Epoch: 005, Train Loss: 34.6271, Train RMSE: 55.1072, Train MAPE: 0.2621, Valid Loss: 34.9997, Valid RMSE: 53.6048, Valid MAPE: 0.2679, Train Time: 87.6758s/epoch, Valid Time: 37.5570s, LR: 1.0000e-03
2026-04-26 17:30:45,484 - Val loss decrease from 36.6905 to 34.9997
2026-04-26 17:32:50,708 - Epoch: 006, Train Loss: 32.0909, Train RMSE: 50.9481, Train MAPE: 0.2429, Valid Loss: 34.7738, Valid RMSE: 53.0664, Valid MAPE: 0.2676, Train Time: 87.6698s/epoch, Valid Time: 37.5537s, LR: 1.0000e-03
2026-04-26 17:32:50,737 - Val loss decrease from 34.9997 to 34.7738
2026-04-26 17:34:56,001 - Epoch: 007, Train Loss: 31.3939, Train RMSE: 49.7480, Train MAPE: 0.2327, Valid Loss: 32.0294, Valid RMSE: 50.6283, Valid MAPE: 0.2349, Train Time: 87.6832s/epoch, Valid Time: 37.5807s, LR: 1.0000e-03
2026-04-26 17:34:56,049 - Val loss decrease from 34.7738 to 32.0294
2026-04-26 17:37:01,295 - Epoch: 008, Train Loss: 29.2548, Train RMSE: 46.6253, Train MAPE: 0.2115, Valid Loss: 33.0391, Valid RMSE: 51.6816, Valid MAPE: 0.2145, Train Time: 87.6768s/epoch, Valid Time: 37.5684s, LR: 1.0000e-03
2026-04-26 17:39:06,822 - Epoch: 009, Train Loss: 28.7146, Train RMSE: 45.3373, Train MAPE: 0.2094, Valid Loss: 30.7293, Valid RMSE: 48.1577, Valid MAPE: 0.2255, Train Time: 87.6749s/epoch, Valid Time: 37.5503s, LR: 1.0000e-03
2026-04-26 17:39:06,838 - Val loss decrease from 32.0294 to 30.7293
2026-04-26 17:41:12,120 - Epoch: 010, Train Loss: 27.2036, Train RMSE: 43.2519, Train MAPE: 0.1917, Valid Loss: 30.8185, Valid RMSE: 48.6657, Valid MAPE: 0.2131, Train Time: 87.6778s/epoch, Valid Time: 37.6038s, LR: 1.0000e-03
2026-04-26 17:43:17,363 - Epoch: 011, Train Loss: 26.2516, Train RMSE: 41.5123, Train MAPE: 0.1851, Valid Loss: 31.3908, Valid RMSE: 48.9295, Valid MAPE: 0.2071, Train Time: 87.6752s/epoch, Valid Time: 37.5638s, LR: 1.0000e-03
2026-04-26 17:45:22,591 - Epoch: 012, Train Loss: 26.1145, Train RMSE: 40.9726, Train MAPE: 0.1873, Valid Loss: 28.7847, Valid RMSE: 45.0726, Valid MAPE: 0.2010, Train Time: 87.6679s/epoch, Valid Time: 37.5567s, LR: 1.0000e-03
2026-04-26 17:45:23,427 - Val loss decrease from 30.7293 to 28.7847
2026-04-26 17:47:28,735 - Epoch: 013, Train Loss: 25.8621, Train RMSE: 40.7540, Train MAPE: 0.1837, Valid Loss: 29.9174, Valid RMSE: 46.7485, Valid MAPE: 0.1976, Train Time: 87.6842s/epoch, Valid Time: 37.6232s, LR: 1.0000e-03
2026-04-26 17:49:34,044 - Epoch: 014, Train Loss: 25.3267, Train RMSE: 40.0597, Train MAPE: 0.1729, Valid Loss: 29.3052, Valid RMSE: 45.2409, Valid MAPE: 0.2065, Train Time: 87.6787s/epoch, Valid Time: 37.5748s, LR: 1.0000e-03
2026-04-26 17:51:39,276 - Epoch: 015, Train Loss: 24.8331, Train RMSE: 39.1802, Train MAPE: 0.1699, Valid Loss: 27.7246, Valid RMSE: 43.4100, Valid MAPE: 0.1942, Train Time: 87.6807s/epoch, Valid Time: 37.5481s, LR: 1.0000e-03
2026-04-26 17:51:39,319 - Val loss decrease from 28.7847 to 27.7246
2026-04-26 17:53:44,571 - Epoch: 016, Train Loss: 24.3773, Train RMSE: 38.5426, Train MAPE: 0.1648, Valid Loss: 26.3967, Valid RMSE: 41.9462, Valid MAPE: 0.1945, Train Time: 87.6933s/epoch, Valid Time: 37.5584s, LR: 1.0000e-03
2026-04-26 17:53:44,638 - Val loss decrease from 27.7246 to 26.3967
2026-04-26 17:55:49,922 - Epoch: 017, Train Loss: 24.5123, Train RMSE: 38.7367, Train MAPE: 0.1635, Valid Loss: 26.6531, Valid RMSE: 41.8787, Valid MAPE: 0.1919, Train Time: 87.6847s/epoch, Valid Time: 37.5980s, LR: 1.0000e-03
2026-04-26 17:57:55,178 - Epoch: 018, Train Loss: 23.9564, Train RMSE: 37.9764, Train MAPE: 0.1611, Valid Loss: 28.2106, Valid RMSE: 44.5639, Valid MAPE: 0.1923, Train Time: 87.6800s/epoch, Valid Time: 37.5727s, LR: 1.0000e-03
2026-04-26 18:00:00,467 - Epoch: 019, Train Loss: 23.6578, Train RMSE: 37.5386, Train MAPE: 0.1555, Valid Loss: 27.4534, Valid RMSE: 42.7958, Valid MAPE: 0.1939, Train Time: 87.6821s/epoch, Valid Time: 37.5631s, LR: 1.0000e-03
2026-04-26 18:02:05,780 - Epoch: 020, Train Loss: 23.6715, Train RMSE: 37.4600, Train MAPE: 0.1580, Valid Loss: 27.1265, Valid RMSE: 42.7719, Valid MAPE: 0.1791, Train Time: 87.6860s/epoch, Valid Time: 37.6127s, LR: 1.0000e-03
2026-04-26 18:04:11,046 - Epoch: 021, Train Loss: 23.3796, Train RMSE: 37.1485, Train MAPE: 0.1547, Valid Loss: 25.9377, Valid RMSE: 41.5086, Valid MAPE: 0.1797, Train Time: 87.6776s/epoch, Valid Time: 37.5665s, LR: 1.0000e-03
2026-04-26 18:04:11,159 - Val loss decrease from 26.3967 to 25.9377
2026-04-26 18:06:16,379 - Epoch: 022, Train Loss: 23.3339, Train RMSE: 36.8994, Train MAPE: 0.1587, Valid Loss: 25.1773, Valid RMSE: 40.3548, Valid MAPE: 0.1781, Train Time: 87.6822s/epoch, Valid Time: 37.5375s, LR: 1.0000e-03
2026-04-26 18:06:16,421 - Val loss decrease from 25.9377 to 25.1773
2026-04-26 18:08:21,717 - Epoch: 023, Train Loss: 23.1166, Train RMSE: 36.6738, Train MAPE: 0.1561, Valid Loss: 27.1507, Valid RMSE: 42.4891, Valid MAPE: 0.1897, Train Time: 87.6826s/epoch, Valid Time: 37.6131s, LR: 1.0000e-03
2026-04-26 18:10:26,968 - Epoch: 024, Train Loss: 22.8013, Train RMSE: 36.3433, Train MAPE: 0.1492, Valid Loss: 27.8751, Valid RMSE: 43.0591, Valid MAPE: 0.1941, Train Time: 87.6766s/epoch, Valid Time: 37.5616s, LR: 1.0000e-03
2026-04-26 18:12:32,281 - Epoch: 025, Train Loss: 22.3603, Train RMSE: 35.6322, Train MAPE: 0.1477, Valid Loss: 24.8259, Valid RMSE: 39.9317, Valid MAPE: 0.1680, Train Time: 87.6799s/epoch, Valid Time: 37.5561s, LR: 1.0000e-03
2026-04-26 18:12:32,332 - Val loss decrease from 25.1773 to 24.8259
2026-04-26 18:14:37,640 - Epoch: 026, Train Loss: 22.2388, Train RMSE: 35.4916, Train MAPE: 0.1456, Valid Loss: 25.8274, Valid RMSE: 41.0849, Valid MAPE: 0.1727, Train Time: 87.6799s/epoch, Valid Time: 37.6276s, LR: 1.0000e-03
2026-04-26 18:16:42,909 - Epoch: 027, Train Loss: 22.4052, Train RMSE: 35.5982, Train MAPE: 0.1472, Valid Loss: 25.0641, Valid RMSE: 39.8042, Valid MAPE: 0.1725, Train Time: 87.6842s/epoch, Valid Time: 37.5670s, LR: 1.0000e-03
2026-04-26 18:18:48,697 - Epoch: 028, Train Loss: 22.3143, Train RMSE: 35.4328, Train MAPE: 0.1464, Valid Loss: 25.0051, Valid RMSE: 39.7416, Valid MAPE: 0.1725, Train Time: 87.6766s/epoch, Valid Time: 37.5580s, LR: 1.0000e-03
2026-04-26 18:20:54,011 - Epoch: 029, Train Loss: 22.0066, Train RMSE: 35.1169, Train MAPE: 0.1444, Valid Loss: 23.7886, Valid RMSE: 38.3774, Valid MAPE: 0.1677, Train Time: 87.6814s/epoch, Valid Time: 37.6116s, LR: 1.0000e-03
2026-04-26 18:20:54,073 - Val loss decrease from 24.8259 to 23.7886
2026-04-26 18:22:59,332 - Epoch: 030, Train Loss: 21.8721, Train RMSE: 34.8192, Train MAPE: 0.1446, Valid Loss: 27.4720, Valid RMSE: 42.7183, Valid MAPE: 0.1801, Train Time: 87.6772s/epoch, Valid Time: 37.5818s, LR: 1.0000e-03
2026-04-26 18:25:04,590 - Epoch: 031, Train Loss: 21.7637, Train RMSE: 34.6747, Train MAPE: 0.1427, Valid Loss: 26.7104, Valid RMSE: 41.9515, Valid MAPE: 0.1718, Train Time: 87.6779s/epoch, Valid Time: 37.5581s, LR: 1.0000e-03
2026-04-26 18:27:09,915 - Epoch: 032, Train Loss: 21.4790, Train RMSE: 34.3750, Train MAPE: 0.1400, Valid Loss: 24.9670, Valid RMSE: 39.6652, Valid MAPE: 0.1681, Train Time: 87.6852s/epoch, Valid Time: 37.6116s, LR: 1.0000e-03
2026-04-26 18:29:15,239 - Epoch: 033, Train Loss: 21.3321, Train RMSE: 34.2327, Train MAPE: 0.1387, Valid Loss: 28.0163, Valid RMSE: 42.5671, Valid MAPE: 0.1883, Train Time: 87.6862s/epoch, Valid Time: 37.5843s, LR: 1.0000e-03
2026-04-26 18:31:20,557 - Epoch: 034, Train Loss: 21.3887, Train RMSE: 34.1779, Train MAPE: 0.1396, Valid Loss: 25.6303, Valid RMSE: 40.7835, Valid MAPE: 0.1680, Train Time: 87.6759s/epoch, Valid Time: 37.5758s, LR: 1.0000e-03
2026-04-26 18:33:25,826 - Epoch: 035, Train Loss: 21.1447, Train RMSE: 33.8475, Train MAPE: 0.1391, Valid Loss: 23.5510, Valid RMSE: 37.9749, Valid MAPE: 0.1667, Train Time: 87.6808s/epoch, Valid Time: 37.5705s, LR: 1.0000e-03
2026-04-26 18:33:25,987 - Val loss decrease from 23.7886 to 23.5510
2026-04-26 18:35:31,259 - Epoch: 036, Train Loss: 21.1597, Train RMSE: 33.9101, Train MAPE: 0.1397, Valid Loss: 25.4287, Valid RMSE: 40.5523, Valid MAPE: 0.1795, Train Time: 87.6776s/epoch, Valid Time: 37.5931s, LR: 1.0000e-03
2026-04-26 18:37:36,578 - Epoch: 037, Train Loss: 21.0457, Train RMSE: 33.8054, Train MAPE: 0.1358, Valid Loss: 24.6112, Valid RMSE: 39.2768, Valid MAPE: 0.1661, Train Time: 87.6827s/epoch, Valid Time: 37.5797s, LR: 1.0000e-03
2026-04-26 18:39:41,850 - Epoch: 038, Train Loss: 21.1731, Train RMSE: 33.9396, Train MAPE: 0.1351, Valid Loss: 25.1036, Valid RMSE: 39.8803, Valid MAPE: 0.1649, Train Time: 87.6833s/epoch, Valid Time: 37.5548s, LR: 1.0000e-03
2026-04-26 18:41:47,177 - Epoch: 039, Train Loss: 21.1251, Train RMSE: 33.6942, Train MAPE: 0.1389, Valid Loss: 26.0778, Valid RMSE: 40.7448, Valid MAPE: 0.1782, Train Time: 87.6775s/epoch, Valid Time: 37.6156s, LR: 1.0000e-03
2026-04-26 18:43:52,453 - Epoch: 040, Train Loss: 21.0695, Train RMSE: 33.6645, Train MAPE: 0.1378, Valid Loss: 24.6024, Valid RMSE: 38.9750, Valid MAPE: 0.1657, Train Time: 87.6837s/epoch, Valid Time: 37.5624s, LR: 1.0000e-03
2026-04-26 18:45:57,726 - Epoch: 041, Train Loss: 20.8840, Train RMSE: 33.4224, Train MAPE: 0.1375, Valid Loss: 23.5082, Valid RMSE: 37.8900, Valid MAPE: 0.1578, Train Time: 87.6806s/epoch, Valid Time: 37.5522s, LR: 1.0000e-03
2026-04-26 18:45:57,811 - Val loss decrease from 23.5510 to 23.5082
2026-04-26 18:48:03,117 - Epoch: 042, Train Loss: 20.8365, Train RMSE: 33.3353, Train MAPE: 0.1359, Valid Loss: 24.0789, Valid RMSE: 38.2358, Valid MAPE: 0.1912, Train Time: 87.6774s/epoch, Valid Time: 37.6277s, LR: 1.0000e-03
2026-04-26 18:50:08,427 - Epoch: 043, Train Loss: 20.8326, Train RMSE: 33.3434, Train MAPE: 0.1357, Valid Loss: 24.4446, Valid RMSE: 38.8279, Valid MAPE: 0.1662, Train Time: 87.6805s/epoch, Valid Time: 37.5961s, LR: 1.0000e-03
2026-04-26 18:52:13,743 - Epoch: 044, Train Loss: 20.6273, Train RMSE: 33.1799, Train MAPE: 0.1318, Valid Loss: 22.8806, Valid RMSE: 36.9706, Valid MAPE: 0.1599, Train Time: 87.6939s/epoch, Valid Time: 37.5802s, LR: 1.0000e-03
2026-04-26 18:52:14,306 - Val loss decrease from 23.5082 to 22.8806
2026-04-26 18:54:19,625 - Epoch: 045, Train Loss: 20.6407, Train RMSE: 33.1069, Train MAPE: 0.1343, Valid Loss: 23.2941, Valid RMSE: 37.6230, Valid MAPE: 0.1550, Train Time: 87.6817s/epoch, Valid Time: 37.6366s, LR: 1.0000e-03
2026-04-26 18:56:24,913 - Epoch: 046, Train Loss: 20.5477, Train RMSE: 33.0116, Train MAPE: 0.1310, Valid Loss: 28.3175, Valid RMSE: 42.9416, Valid MAPE: 0.1946, Train Time: 87.6732s/epoch, Valid Time: 37.5973s, LR: 1.0000e-03
2026-04-26 18:58:30,204 - Epoch: 047, Train Loss: 20.5822, Train RMSE: 33.0052, Train MAPE: 0.1328, Valid Loss: 23.6609, Valid RMSE: 38.1365, Valid MAPE: 0.1572, Train Time: 87.6816s/epoch, Valid Time: 37.5696s, LR: 1.0000e-03
2026-04-26 19:00:35,540 - Epoch: 048, Train Loss: 20.3918, Train RMSE: 32.7877, Train MAPE: 0.1297, Valid Loss: 24.2667, Valid RMSE: 38.5965, Valid MAPE: 0.1622, Train Time: 87.6928s/epoch, Valid Time: 37.6261s, LR: 1.0000e-03
2026-04-26 19:02:41,153 - Epoch: 049, Train Loss: 20.4120, Train RMSE: 32.7282, Train MAPE: 0.1328, Valid Loss: 23.5796, Valid RMSE: 37.6904, Valid MAPE: 0.1607, Train Time: 87.6818s/epoch, Valid Time: 37.5813s, LR: 1.0000e-03
2026-04-26 19:04:46,528 - Epoch: 050, Train Loss: 20.3062, Train RMSE: 32.6630, Train MAPE: 0.1289, Valid Loss: 26.7592, Valid RMSE: 41.5105, Valid MAPE: 0.1812, Train Time: 87.6854s/epoch, Valid Time: 37.5688s, LR: 1.0000e-03
2026-04-26 19:06:51,818 - Epoch: 051, Train Loss: 20.4840, Train RMSE: 32.8151, Train MAPE: 0.1309, Valid Loss: 24.2904, Valid RMSE: 38.7557, Valid MAPE: 0.1760, Train Time: 87.6768s/epoch, Valid Time: 37.6107s, LR: 1.0000e-03
2026-04-26 19:08:57,113 - Epoch: 052, Train Loss: 20.0916, Train RMSE: 32.3465, Train MAPE: 0.1307, Valid Loss: 23.3973, Valid RMSE: 37.4280, Valid MAPE: 0.1615, Train Time: 87.6909s/epoch, Valid Time: 37.5858s, LR: 1.0000e-03
2026-04-26 19:11:02,514 - Epoch: 053, Train Loss: 20.2424, Train RMSE: 32.4822, Train MAPE: 0.1317, Valid Loss: 25.9686, Valid RMSE: 40.3403, Valid MAPE: 0.1685, Train Time: 87.6865s/epoch, Valid Time: 37.6043s, LR: 1.0000e-03
2026-04-26 19:13:07,789 - Epoch: 054, Train Loss: 20.2903, Train RMSE: 32.5177, Train MAPE: 0.1316, Valid Loss: 24.7764, Valid RMSE: 39.4403, Valid MAPE: 0.1875, Train Time: 87.6834s/epoch, Valid Time: 37.5890s, LR: 1.0000e-03
2026-04-26 19:15:13,180 - Epoch: 055, Train Loss: 20.2387, Train RMSE: 32.5027, Train MAPE: 0.1304, Valid Loss: 24.8245, Valid RMSE: 39.4005, Valid MAPE: 0.1756, Train Time: 87.7011s/epoch, Valid Time: 37.6065s, LR: 1.0000e-03
2026-04-26 19:17:18,489 - Epoch: 056, Train Loss: 20.0669, Train RMSE: 32.2990, Train MAPE: 0.1275, Valid Loss: 24.0679, Valid RMSE: 38.4349, Valid MAPE: 0.1593, Train Time: 87.6789s/epoch, Valid Time: 37.5942s, LR: 1.0000e-03
2026-04-26 19:19:24,525 - Epoch: 057, Train Loss: 20.0741, Train RMSE: 32.2672, Train MAPE: 0.1290, Valid Loss: 23.1848, Valid RMSE: 37.1420, Valid MAPE: 0.1672, Train Time: 87.6834s/epoch, Valid Time: 37.5645s, LR: 1.0000e-03
2026-04-26 19:21:29,911 - Epoch: 058, Train Loss: 20.1216, Train RMSE: 32.3256, Train MAPE: 0.1277, Valid Loss: 23.2254, Valid RMSE: 37.4607, Valid MAPE: 0.1586, Train Time: 87.6843s/epoch, Valid Time: 37.6387s, LR: 1.0000e-03
2026-04-26 19:23:35,357 - Epoch: 059, Train Loss: 20.1097, Train RMSE: 32.2415, Train MAPE: 0.1312, Valid Loss: 25.0763, Valid RMSE: 39.0661, Valid MAPE: 0.1710, Train Time: 87.6708s/epoch, Valid Time: 37.5788s, LR: 1.0000e-03
2026-04-26 19:25:40,614 - Epoch: 060, Train Loss: 20.1343, Train RMSE: 32.2939, Train MAPE: 0.1296, Valid Loss: 23.0858, Valid RMSE: 37.3191, Valid MAPE: 0.1571, Train Time: 87.6744s/epoch, Valid Time: 37.5644s, LR: 1.0000e-03
2026-04-26 19:27:45,947 - Epoch: 061, Train Loss: 20.0615, Train RMSE: 32.2237, Train MAPE: 0.1277, Valid Loss: 25.6609, Valid RMSE: 39.6047, Valid MAPE: 0.1727, Train Time: 87.6766s/epoch, Valid Time: 37.6270s, LR: 1.0000e-03
2026-04-26 19:29:51,332 - Epoch: 062, Train Loss: 19.9781, Train RMSE: 32.0768, Train MAPE: 0.1295, Valid Loss: 23.2049, Valid RMSE: 37.3300, Valid MAPE: 0.1631, Train Time: 87.6926s/epoch, Valid Time: 37.6446s, LR: 1.0000e-03
2026-04-26 19:31:56,596 - Epoch: 063, Train Loss: 19.8902, Train RMSE: 31.9999, Train MAPE: 0.1270, Valid Loss: 24.6470, Valid RMSE: 39.1245, Valid MAPE: 0.1886, Train Time: 87.6753s/epoch, Valid Time: 37.5657s, LR: 1.0000e-03
2026-04-26 19:34:01,856 - Epoch: 064, Train Loss: 19.8724, Train RMSE: 31.9795, Train MAPE: 0.1282, Valid Loss: 24.9829, Valid RMSE: 38.6560, Valid MAPE: 0.1767, Train Time: 87.6711s/epoch, Valid Time: 37.5776s, LR: 1.0000e-03
2026-04-26 19:36:07,155 - Epoch: 065, Train Loss: 19.8466, Train RMSE: 31.8345, Train MAPE: 0.1292, Valid Loss: 22.6531, Valid RMSE: 36.2909, Valid MAPE: 0.1765, Train Time: 87.6796s/epoch, Valid Time: 37.6164s, LR: 1.0000e-03
2026-04-26 19:36:07,250 - Val loss decrease from 22.8806 to 22.6531
2026-04-26 19:38:12,495 - Epoch: 066, Train Loss: 20.0731, Train RMSE: 32.1155, Train MAPE: 0.1289, Valid Loss: 22.7614, Valid RMSE: 36.4532, Valid MAPE: 0.1583, Train Time: 87.6629s/epoch, Valid Time: 37.5815s, LR: 1.0000e-03
2026-04-26 19:40:17,778 - Epoch: 067, Train Loss: 19.6288, Train RMSE: 31.5872, Train MAPE: 0.1253, Valid Loss: 22.6999, Valid RMSE: 36.4350, Valid MAPE: 0.1702, Train Time: 87.6743s/epoch, Valid Time: 37.5890s, LR: 1.0000e-03
2026-04-26 19:42:23,119 - Epoch: 068, Train Loss: 19.7286, Train RMSE: 31.7365, Train MAPE: 0.1260, Valid Loss: 25.9236, Valid RMSE: 40.9011, Valid MAPE: 0.1741, Train Time: 87.6801s/epoch, Valid Time: 37.6388s, LR: 1.0000e-03
2026-04-26 19:44:28,424 - Epoch: 069, Train Loss: 19.6063, Train RMSE: 31.5903, Train MAPE: 0.1251, Valid Loss: 25.1273, Valid RMSE: 39.4459, Valid MAPE: 0.1620, Train Time: 87.6759s/epoch, Valid Time: 37.6145s, LR: 1.0000e-03
2026-04-26 19:46:33,680 - Epoch: 070, Train Loss: 19.7672, Train RMSE: 31.6813, Train MAPE: 0.1280, Valid Loss: 22.7076, Valid RMSE: 36.5492, Valid MAPE: 0.1554, Train Time: 87.6723s/epoch, Valid Time: 37.5803s, LR: 1.0000e-03
2026-04-26 19:48:39,153 - Epoch: 071, Train Loss: 19.5102, Train RMSE: 31.5249, Train MAPE: 0.1231, Valid Loss: 22.9192, Valid RMSE: 36.6223, Valid MAPE: 0.1611, Train Time: 87.6701s/epoch, Valid Time: 37.6309s, LR: 1.0000e-03
2026-04-26 19:50:44,513 - Epoch: 072, Train Loss: 19.5642, Train RMSE: 31.5463, Train MAPE: 0.1265, Valid Loss: 24.5215, Valid RMSE: 38.7023, Valid MAPE: 0.1605, Train Time: 87.6711s/epoch, Valid Time: 37.5945s, LR: 1.0000e-03
2026-04-26 19:52:49,937 - Epoch: 073, Train Loss: 19.4336, Train RMSE: 31.3410, Train MAPE: 0.1241, Valid Loss: 22.1304, Valid RMSE: 35.6618, Valid MAPE: 0.1597, Train Time: 87.6755s/epoch, Valid Time: 37.6179s, LR: 1.0000e-03
2026-04-26 19:52:50,074 - Val loss decrease from 22.6531 to 22.1304
2026-04-26 19:54:55,406 - Epoch: 074, Train Loss: 19.6691, Train RMSE: 31.5494, Train MAPE: 0.1267, Valid Loss: 23.9864, Valid RMSE: 38.1391, Valid MAPE: 0.1630, Train Time: 87.6823s/epoch, Valid Time: 37.6495s, LR: 1.0000e-03
2026-04-26 19:57:00,722 - Epoch: 075, Train Loss: 19.4050, Train RMSE: 31.2948, Train MAPE: 0.1241, Valid Loss: 22.3445, Valid RMSE: 36.1062, Valid MAPE: 0.1528, Train Time: 87.6734s/epoch, Valid Time: 37.5818s, LR: 1.0000e-03
2026-04-26 19:59:06,161 - Epoch: 076, Train Loss: 19.5268, Train RMSE: 31.3790, Train MAPE: 0.1273, Valid Loss: 23.6110, Valid RMSE: 37.7688, Valid MAPE: 0.1580, Train Time: 87.6751s/epoch, Valid Time: 37.6707s, LR: 1.0000e-03
2026-04-26 20:01:11,418 - Epoch: 077, Train Loss: 19.3248, Train RMSE: 31.1801, Train MAPE: 0.1221, Valid Loss: 23.0054, Valid RMSE: 36.7775, Valid MAPE: 0.1544, Train Time: 87.6753s/epoch, Valid Time: 37.5785s, LR: 1.0000e-03
2026-04-26 20:03:16,983 - Epoch: 078, Train Loss: 19.3842, Train RMSE: 31.2113, Train MAPE: 0.1250, Valid Loss: 24.4334, Valid RMSE: 38.1959, Valid MAPE: 0.1674, Train Time: 87.6681s/epoch, Valid Time: 37.5873s, LR: 1.0000e-03
2026-04-26 20:05:22,329 - Epoch: 079, Train Loss: 19.5500, Train RMSE: 31.2943, Train MAPE: 0.1283, Valid Loss: 23.3763, Valid RMSE: 37.4376, Valid MAPE: 0.1600, Train Time: 87.6694s/epoch, Valid Time: 37.6404s, LR: 1.0000e-03
2026-04-26 20:07:27,720 - Epoch: 080, Train Loss: 19.2427, Train RMSE: 31.0311, Train MAPE: 0.1244, Valid Loss: 23.1439, Valid RMSE: 36.9345, Valid MAPE: 0.1560, Train Time: 87.6690s/epoch, Valid Time: 37.5876s, LR: 1.0000e-03
2026-04-26 20:09:32,982 - Epoch: 081, Train Loss: 19.3214, Train RMSE: 31.0841, Train MAPE: 0.1243, Valid Loss: 23.2881, Valid RMSE: 36.9615, Valid MAPE: 0.1527, Train Time: 87.6632s/epoch, Valid Time: 37.5829s, LR: 1.0000e-03
2026-04-26 20:11:38,374 - Epoch: 082, Train Loss: 19.4594, Train RMSE: 31.2180, Train MAPE: 0.1258, Valid Loss: 23.8816, Valid RMSE: 37.8436, Valid MAPE: 0.1580, Train Time: 87.6696s/epoch, Valid Time: 37.6346s, LR: 1.0000e-03
2026-04-26 20:13:43,688 - Epoch: 083, Train Loss: 19.1600, Train RMSE: 30.8603, Train MAPE: 0.1220, Valid Loss: 23.3235, Valid RMSE: 37.3795, Valid MAPE: 0.1611, Train Time: 87.6688s/epoch, Valid Time: 37.6075s, LR: 1.0000e-03
2026-04-26 20:15:49,094 - Epoch: 084, Train Loss: 19.3770, Train RMSE: 31.1170, Train MAPE: 0.1234, Valid Loss: 21.7528, Valid RMSE: 35.0359, Valid MAPE: 0.1602, Train Time: 87.6729s/epoch, Valid Time: 37.5729s, LR: 1.0000e-03
2026-04-26 20:15:49,441 - Val loss decrease from 22.1304 to 21.7528
2026-04-26 20:17:54,758 - Epoch: 085, Train Loss: 19.1340, Train RMSE: 30.8415, Train MAPE: 0.1209, Valid Loss: 23.1939, Valid RMSE: 37.1373, Valid MAPE: 0.1536, Train Time: 87.6733s/epoch, Valid Time: 37.6433s, LR: 1.0000e-03
2026-04-26 20:20:00,040 - Epoch: 086, Train Loss: 19.2809, Train RMSE: 31.0167, Train MAPE: 0.1230, Valid Loss: 23.0135, Valid RMSE: 37.0192, Valid MAPE: 0.1543, Train Time: 87.6698s/epoch, Valid Time: 37.5982s, LR: 1.0000e-03
2026-04-26 20:22:05,439 - Epoch: 087, Train Loss: 19.0780, Train RMSE: 30.7786, Train MAPE: 0.1198, Valid Loss: 22.8468, Valid RMSE: 36.2301, Valid MAPE: 0.1632, Train Time: 87.6691s/epoch, Valid Time: 37.5886s, LR: 1.0000e-03
2026-04-26 20:24:10,808 - Epoch: 088, Train Loss: 19.2324, Train RMSE: 30.9881, Train MAPE: 0.1241, Valid Loss: 22.0767, Valid RMSE: 35.4677, Valid MAPE: 0.1677, Train Time: 87.6798s/epoch, Valid Time: 37.6717s, LR: 1.0000e-03
2026-04-26 20:26:16,066 - Epoch: 089, Train Loss: 18.9337, Train RMSE: 30.5296, Train MAPE: 0.1202, Valid Loss: 22.3144, Valid RMSE: 35.8985, Valid MAPE: 0.1634, Train Time: 87.6639s/epoch, Valid Time: 37.5912s, LR: 1.0000e-03
2026-04-26 20:28:21,381 - Epoch: 090, Train Loss: 19.0972, Train RMSE: 30.7535, Train MAPE: 0.1215, Valid Loss: 21.4440, Valid RMSE: 34.8941, Valid MAPE: 0.1527, Train Time: 87.6719s/epoch, Valid Time: 37.5910s, LR: 1.0000e-03
2026-04-26 20:28:21,531 - Val loss decrease from 21.7528 to 21.4440
2026-04-26 20:30:26,768 - Epoch: 091, Train Loss: 19.0986, Train RMSE: 30.7482, Train MAPE: 0.1215, Valid Loss: 23.8235, Valid RMSE: 37.5789, Valid MAPE: 0.1537, Train Time: 87.6711s/epoch, Valid Time: 37.5660s, LR: 1.0000e-03
2026-04-26 20:32:32,077 - Epoch: 092, Train Loss: 18.9593, Train RMSE: 30.5805, Train MAPE: 0.1208, Valid Loss: 23.6785, Valid RMSE: 37.4859, Valid MAPE: 0.1534, Train Time: 87.6674s/epoch, Valid Time: 37.6378s, LR: 1.0000e-03
2026-04-26 20:34:37,341 - Epoch: 093, Train Loss: 19.0248, Train RMSE: 30.6665, Train MAPE: 0.1212, Valid Loss: 23.7840, Valid RMSE: 38.0953, Valid MAPE: 0.1552, Train Time: 87.6617s/epoch, Valid Time: 37.5857s, LR: 1.0000e-03
2026-04-26 20:36:42,601 - Epoch: 094, Train Loss: 18.9934, Train RMSE: 30.6268, Train MAPE: 0.1200, Valid Loss: 21.8459, Valid RMSE: 35.2895, Valid MAPE: 0.1547, Train Time: 87.6706s/epoch, Valid Time: 37.5856s, LR: 1.0000e-03
2026-04-26 20:38:48,144 - Epoch: 095, Train Loss: 19.0050, Train RMSE: 30.5515, Train MAPE: 0.1229, Valid Loss: 23.0884, Valid RMSE: 36.8622, Valid MAPE: 0.1565, Train Time: 87.7227s/epoch, Valid Time: 37.7291s, LR: 1.0000e-03
2026-04-26 20:40:53,473 - Epoch: 096, Train Loss: 18.9057, Train RMSE: 30.4034, Train MAPE: 0.1235, Valid Loss: 21.9592, Valid RMSE: 35.4934, Valid MAPE: 0.1545, Train Time: 87.7144s/epoch, Valid Time: 37.6107s, LR: 1.0000e-03
2026-04-26 20:42:58,823 - Epoch: 097, Train Loss: 18.9622, Train RMSE: 30.4871, Train MAPE: 0.1213, Valid Loss: 24.1463, Valid RMSE: 37.7406, Valid MAPE: 0.1616, Train Time: 87.6682s/epoch, Valid Time: 37.6238s, LR: 1.0000e-03
2026-04-26 20:45:04,129 - Epoch: 098, Train Loss: 18.9453, Train RMSE: 30.4515, Train MAPE: 0.1203, Valid Loss: 22.4414, Valid RMSE: 35.9323, Valid MAPE: 0.1566, Train Time: 87.6660s/epoch, Valid Time: 37.6359s, LR: 1.0000e-03
2026-04-26 20:47:09,430 - Epoch: 099, Train Loss: 18.6986, Train RMSE: 30.2084, Train MAPE: 0.1193, Valid Loss: 24.9115, Valid RMSE: 39.5542, Valid MAPE: 0.1590, Train Time: 87.6836s/epoch, Valid Time: 37.6154s, LR: 1.0000e-03
2026-04-26 20:49:14,702 - Epoch: 100, Train Loss: 18.9854, Train RMSE: 30.5918, Train MAPE: 0.1194, Valid Loss: 21.7095, Valid RMSE: 35.1804, Valid MAPE: 0.1471, Train Time: 87.6798s/epoch, Valid Time: 37.5884s, LR: 1.0000e-03
Check mask value tensor(-1.5259e-05)
2026-04-26 20:49:51,056 - Horizon 1, Test MAE: 15.3686, Test RMSE: 23.9672, Test MAPE: 0.1102
2026-04-26 20:49:51,156 - Horizon 2, Test MAE: 17.9985, Test RMSE: 28.5942, Test MAPE: 0.1283
2026-04-26 20:49:51,254 - Horizon 3, Test MAE: 19.4746, Test RMSE: 31.4674, Test MAPE: 0.1373
2026-04-26 20:49:51,354 - Horizon 4, Test MAE: 20.4471, Test RMSE: 33.4325, Test MAPE: 0.1452
2026-04-26 20:49:51,453 - Horizon 5, Test MAE: 22.4084, Test RMSE: 36.9257, Test MAPE: 0.1616
2026-04-26 20:49:51,553 - Horizon 6, Test MAE: 23.6640, Test RMSE: 39.3329, Test MAPE: 0.1808
2026-04-26 20:49:51,652 - Horizon 7, Test MAE: 24.5002, Test RMSE: 40.9720, Test MAPE: 0.2005
2026-04-26 20:49:51,752 - Horizon 8, Test MAE: 24.8769, Test RMSE: 42.0547, Test MAPE: 0.1997
2026-04-26 20:49:51,852 - Horizon 9, Test MAE: 25.9651, Test RMSE: 44.2539, Test MAPE: 0.2130
2026-04-26 20:49:51,951 - Horizon 10, Test MAE: 26.9611, Test RMSE: 46.3702, Test MAPE: 0.2274
2026-04-26 20:49:52,051 - Horizon 11, Test MAE: 27.5815, Test RMSE: 47.7595, Test MAPE: 0.2349
2026-04-26 20:49:52,150 - Horizon 12, Test MAE: 28.2157, Test RMSE: 49.0589, Test MAPE: 0.2376
2026-04-26 20:49:52,150 - Average Test MAE: 23.1218, Test RMSE: 38.6824, Test MAPE: 0.1814
