/u/tliao2/TrafficFM/benchmark/fm/moirai/.venv/lib/python3.10/site-packages/torch/utils/data/dataloader.py:557: UserWarning: This DataLoader will create 2 worker processes in total. Our suggested max number of worker in current system is 1, which is smaller than what this DataLoader is going to create. Please be aware that excessive worker creation might get DataLoader running slow or even freeze, lower the worker number to avoid potential slowness/freeze if necessary.
  warnings.warn(_create_warning_msg(
wandb: [wandb.login()] Loaded credentials for https://api.wandb.ai from /u/tliao2/.netrc.
wandb: Currently logged in as: angus3938 (angus3938-university-of-southern-california) to https://api.wandb.ai. Use `wandb login --relogin` to force relogin
wandb: setting up run 66uc4fok
wandb: Tracking run with wandb version 0.26.0
wandb: Run data is saved locally in /u/tliao2/TrafficFM/benchmark/wandb/run-20260427_212505-66uc4fok
wandb: Run `wandb offline` to turn off syncing.
wandb: Syncing run mamba_fm_SD_2019_short_s2023
wandb: ⭐️ View project at https://wandb.ai/angus3938-university-of-southern-california/TrafficFM
wandb: 🚀 View run at https://wandb.ai/angus3938-university-of-southern-california/TrafficFM/runs/66uc4fok
/u/tliao2/TrafficFM/benchmark/fm/moirai/.venv/lib/python3.10/site-packages/torch/utils/data/dataloader.py:557: UserWarning: This DataLoader will create 2 worker processes in total. Our suggested max number of worker in current system is 1, which is smaller than what this DataLoader is going to create. Please be aware that excessive worker creation might get DataLoader running slow or even freeze, lower the worker number to avoid potential slowness/freeze if necessary.
  warnings.warn(_create_warning_msg(
/u/tliao2/TrafficFM/benchmark/fm/mamba/mamba.py:256: FutureWarning: You are using `torch.load` with `weights_only=False` (the current default value), which uses the default pickle module implicitly. It is possible to construct malicious pickle data which will execute arbitrary code during unpickling (See https://github.com/pytorch/pytorch/blob/main/SECURITY.md#untrusted-models for more details). In a future release, the default value for `weights_only` will be flipped to `True`. This limits the functions that could be executed during unpickling. Arbitrary objects will no longer be allowed to be loaded via this mode unless they are explicitly allowlisted by the user via `torch.serialization.add_safe_globals`. We recommend you start setting `weights_only=True` for any use case where you don't have full control of the loaded file. Please open an issue on GitHub for any issues related to this experimental feature.
  model.load_state_dict(torch.load(ckpt_path, map_location=device))
wandb: updating run metadata
wandb: uploading output.log; uploading wandb-summary.json; uploading config.yaml
wandb: 
wandb: Run history:
wandb:      epoch ▁▁▂▂▂▂▃▃▃▄▄▄▅▅▅▅▆▆▆▇▇▇▇██
wandb:   test/mae ▁
wandb:  test/mape ▁
wandb:  test/rmse ▁
wandb: train/loss █▄▄▄▃▃▃▃▃▂▂▂▂▂▂▂▂▂▁▁▁▁▁▁▁
wandb:   val/loss █▅▃▃▃▂▂▂▂▁▃▂▂▁▂▂▁▃▁▂▃▂▂▂▂
wandb: 
wandb: Run summary:
wandb:      epoch 25
wandb:   test/mae 19.98286
wandb:  test/mape 0.12763
wandb:  test/rmse 33.00747
wandb: train/loss 0.19663
wandb:   val/loss 0.22635
wandb: 
wandb: 🚀 View run mamba_fm_SD_2019_short_s2023 at: https://wandb.ai/angus3938-university-of-southern-california/TrafficFM/runs/66uc4fok
wandb: ⭐️ View project at: https://wandb.ai/angus3938-university-of-southern-california/TrafficFM
wandb: Synced 5 W&B file(s), 0 media file(s), 0 artifact file(s) and 0 other file(s)
wandb: Find logs at: ./wandb/run-20260427_212505-66uc4fok/logs
/u/tliao2/TrafficFM/benchmark/fm/moirai/.venv/lib/python3.10/site-packages/torch/utils/data/dataloader.py:557: UserWarning: This DataLoader will create 2 worker processes in total. Our suggested max number of worker in current system is 1, which is smaller than what this DataLoader is going to create. Please be aware that excessive worker creation might get DataLoader running slow or even freeze, lower the worker number to avoid potential slowness/freeze if necessary.
  warnings.warn(_create_warning_msg(
wandb: [wandb.login()] Loaded credentials for https://api.wandb.ai from /u/tliao2/.netrc.
wandb: Currently logged in as: angus3938 (angus3938-university-of-southern-california) to https://api.wandb.ai. Use `wandb login --relogin` to force relogin
wandb: Tracking run with wandb version 0.26.0
wandb: Run data is saved locally in /u/tliao2/TrafficFM/benchmark/wandb/run-20260427_214911-1f520l5v
wandb: Run `wandb offline` to turn off syncing.
wandb: Syncing run mamba_fm_SD_2019_medium_s2023
wandb: ⭐️ View project at https://wandb.ai/angus3938-university-of-southern-california/TrafficFM
wandb: 🚀 View run at https://wandb.ai/angus3938-university-of-southern-california/TrafficFM/runs/1f520l5v
/u/tliao2/TrafficFM/benchmark/fm/moirai/.venv/lib/python3.10/site-packages/torch/utils/data/dataloader.py:557: UserWarning: This DataLoader will create 2 worker processes in total. Our suggested max number of worker in current system is 1, which is smaller than what this DataLoader is going to create. Please be aware that excessive worker creation might get DataLoader running slow or even freeze, lower the worker number to avoid potential slowness/freeze if necessary.
  warnings.warn(_create_warning_msg(
/u/tliao2/TrafficFM/benchmark/fm/mamba/mamba.py:256: FutureWarning: You are using `torch.load` with `weights_only=False` (the current default value), which uses the default pickle module implicitly. It is possible to construct malicious pickle data which will execute arbitrary code during unpickling (See https://github.com/pytorch/pytorch/blob/main/SECURITY.md#untrusted-models for more details). In a future release, the default value for `weights_only` will be flipped to `True`. This limits the functions that could be executed during unpickling. Arbitrary objects will no longer be allowed to be loaded via this mode unless they are explicitly allowlisted by the user via `torch.serialization.add_safe_globals`. We recommend you start setting `weights_only=True` for any use case where you don't have full control of the loaded file. Please open an issue on GitHub for any issues related to this experimental feature.
  model.load_state_dict(torch.load(ckpt_path, map_location=device))
wandb: updating run metadata
wandb: uploading output.log; uploading wandb-summary.json; uploading config.yaml
wandb: 
wandb: Run history:
wandb:      epoch ▁▁▁▂▂▂▂▂▃▃▃▃▃▄▄▄▄▅▅▅▅▅▆▆▆▆▆▇▇▇▇▇███
wandb:   test/mae ▁
wandb:  test/mape ▁
wandb:  test/rmse ▁
wandb: train/loss █▅▄▄▄▄▃▃▃▃▃▃▂▂▂▂▂▂▂▂▂▂▂▂▂▁▁▁▁▁▁▁▁▁▁
wandb:   val/loss █▅▄▃▃▃▂▄▁▂▂▂▂▂▂▁▁▁▁▁▁▁▂▂▂▂▂▂▂▂▂▃▂▂▂
wandb: 
wandb: Run summary:
wandb:      epoch 35
wandb:   test/mae 25.20445
wandb:  test/mape 0.17031
wandb:  test/rmse 41.65603
wandb: train/loss 0.22728
wandb:   val/loss 0.28824
wandb: 
wandb: 🚀 View run mamba_fm_SD_2019_medium_s2023 at: https://wandb.ai/angus3938-university-of-southern-california/TrafficFM/runs/1f520l5v
wandb: ⭐️ View project at: https://wandb.ai/angus3938-university-of-southern-california/TrafficFM
wandb: Synced 5 W&B file(s), 0 media file(s), 0 artifact file(s) and 0 other file(s)
wandb: Find logs at: ./wandb/run-20260427_214911-1f520l5v/logs
/u/tliao2/TrafficFM/benchmark/fm/moirai/.venv/lib/python3.10/site-packages/torch/utils/data/dataloader.py:557: UserWarning: This DataLoader will create 2 worker processes in total. Our suggested max number of worker in current system is 1, which is smaller than what this DataLoader is going to create. Please be aware that excessive worker creation might get DataLoader running slow or even freeze, lower the worker number to avoid potential slowness/freeze if necessary.
  warnings.warn(_create_warning_msg(
wandb: [wandb.login()] Loaded credentials for https://api.wandb.ai from /u/tliao2/.netrc.
wandb: Currently logged in as: angus3938 (angus3938-university-of-southern-california) to https://api.wandb.ai. Use `wandb login --relogin` to force relogin
wandb: setting up run rqqkqqpq
wandb: Tracking run with wandb version 0.26.0
wandb: Run data is saved locally in /u/tliao2/TrafficFM/benchmark/wandb/run-20260427_221831-rqqkqqpq
wandb: Run `wandb offline` to turn off syncing.
wandb: Syncing run mamba_fm_SD_2019_long_s2023
wandb: ⭐️ View project at https://wandb.ai/angus3938-university-of-southern-california/TrafficFM
wandb: 🚀 View run at https://wandb.ai/angus3938-university-of-southern-california/TrafficFM/runs/rqqkqqpq
/u/tliao2/TrafficFM/benchmark/fm/moirai/.venv/lib/python3.10/site-packages/torch/utils/data/dataloader.py:557: UserWarning: This DataLoader will create 2 worker processes in total. Our suggested max number of worker in current system is 1, which is smaller than what this DataLoader is going to create. Please be aware that excessive worker creation might get DataLoader running slow or even freeze, lower the worker number to avoid potential slowness/freeze if necessary.
  warnings.warn(_create_warning_msg(
/u/tliao2/TrafficFM/benchmark/fm/mamba/mamba.py:256: FutureWarning: You are using `torch.load` with `weights_only=False` (the current default value), which uses the default pickle module implicitly. It is possible to construct malicious pickle data which will execute arbitrary code during unpickling (See https://github.com/pytorch/pytorch/blob/main/SECURITY.md#untrusted-models for more details). In a future release, the default value for `weights_only` will be flipped to `True`. This limits the functions that could be executed during unpickling. Arbitrary objects will no longer be allowed to be loaded via this mode unless they are explicitly allowlisted by the user via `torch.serialization.add_safe_globals`. We recommend you start setting `weights_only=True` for any use case where you don't have full control of the loaded file. Please open an issue on GitHub for any issues related to this experimental feature.
  model.load_state_dict(torch.load(ckpt_path, map_location=device))
wandb: updating run metadata
wandb: uploading history steps 42-42, summary, console lines 61-62
wandb: 
wandb: Run history:
wandb:      epoch ▁▁▁▂▂▂▂▂▂▃▃▃▃▃▃▄▄▄▄▄▅▅▅▅▅▅▆▆▆▆▆▆▇▇▇▇▇▇██
wandb:   test/mae ▁
wandb:  test/mape ▁
wandb:  test/rmse ▁
wandb: train/loss █▅▄▃▃▃▃▃▃▃▃▃▂▂▂▂▂▂▂▂▂▂▂▂▂▂▂▁▁▁▁▁▁▁▁▁▁▁▁▁
wandb:   val/loss █▆▃▃▂▂▃▃▂▂▂▂▂▂▂▂▂▂▂▂▂▂▂▂▂▁▂▂▂▂▂▂▂▂▂▂▂▂▂▂
wandb: 
wandb: Run summary:
wandb:      epoch 42
wandb:   test/mae 35.18527
wandb:  test/mape 0.26294
wandb:  test/rmse 57.50095
wandb: train/loss 0.30266
wandb:   val/loss 140911.47018
wandb: 
wandb: 🚀 View run mamba_fm_SD_2019_long_s2023 at: https://wandb.ai/angus3938-university-of-southern-california/TrafficFM/runs/rqqkqqpq
wandb: ⭐️ View project at: https://wandb.ai/angus3938-university-of-southern-california/TrafficFM
wandb: Synced 5 W&B file(s), 0 media file(s), 0 artifact file(s) and 0 other file(s)
wandb: Find logs at: ./wandb/run-20260427_221831-rqqkqqpq/logs
