term=short, context=48, pred=3
num_sensors=all, windows_per_sensor=100
Loading gift_eval data …
Train: 71600 samples | Val: 71600 samples
X shape: (71600, 48, 1)  (N, context_length, 1)
Y shape: (71600, 3)  (N, pred_len)
Parameters: 96,835
Epoch 001 | train_loss=0.2859 | val_loss=0.2447
  ✓ val_loss improved to 0.2447
Epoch 002 | train_loss=0.2403 | val_loss=0.2368
  ✓ val_loss improved to 0.2368
Epoch 003 | train_loss=0.2343 | val_loss=0.2290
  ✓ val_loss improved to 0.2290
Epoch 004 | train_loss=0.2310 | val_loss=0.2277
  ✓ val_loss improved to 0.2277
Epoch 005 | train_loss=0.2279 | val_loss=0.2288
Epoch 006 | train_loss=0.2257 | val_loss=0.2273
  ✓ val_loss improved to 0.2273
Epoch 007 | train_loss=0.2220 | val_loss=0.2267
  ✓ val_loss improved to 0.2267
Epoch 008 | train_loss=0.2194 | val_loss=0.2267
Epoch 009 | train_loss=0.2173 | val_loss=0.2262
  ✓ val_loss improved to 0.2262
Epoch 010 | train_loss=0.2150 | val_loss=0.2228
  ✓ val_loss improved to 0.2228
Epoch 011 | train_loss=0.2132 | val_loss=0.2293
Epoch 012 | train_loss=0.2115 | val_loss=0.2265
Epoch 013 | train_loss=0.2104 | val_loss=0.2265
Epoch 014 | train_loss=0.2091 | val_loss=0.2230
Epoch 015 | train_loss=0.2076 | val_loss=0.2258
Epoch 016 | train_loss=0.2066 | val_loss=0.2265
Epoch 017 | train_loss=0.2052 | val_loss=0.2229
Epoch 018 | train_loss=0.2043 | val_loss=0.2281
Epoch 019 | train_loss=0.2027 | val_loss=0.2232
Epoch 020 | train_loss=0.2018 | val_loss=0.2256
Epoch 021 | train_loss=0.2009 | val_loss=0.2304
Epoch 022 | train_loss=0.2000 | val_loss=0.2262
Epoch 023 | train_loss=0.1987 | val_loss=0.2273
Epoch 024 | train_loss=0.1983 | val_loss=0.2245
Epoch 025 | train_loss=0.1966 | val_loss=0.2264
Early stop at epoch 25

Evaluating on test set …

[SHORT] MAE=19.9829 | RMSE=33.0075 | MAPE=0.1276
term=medium, context=48, pred=6
num_sensors=all, windows_per_sensor=100
Loading gift_eval data …
Train: 71600 samples | Val: 71600 samples
X shape: (71600, 48, 1)  (N, context_length, 1)
Y shape: (71600, 6)  (N, pred_len)
Parameters: 97,030
Epoch 001 | train_loss=0.3804 | val_loss=0.3256
  ✓ val_loss improved to 0.3256
Epoch 002 | train_loss=0.3131 | val_loss=0.3096
  ✓ val_loss improved to 0.3096
Epoch 003 | train_loss=0.3007 | val_loss=0.3007
  ✓ val_loss improved to 0.3007
Epoch 004 | train_loss=0.2931 | val_loss=0.2957
  ✓ val_loss improved to 0.2957
Epoch 005 | train_loss=0.2871 | val_loss=0.2932
  ✓ val_loss improved to 0.2932
Epoch 006 | train_loss=0.2825 | val_loss=0.2938
Epoch 007 | train_loss=0.2786 | val_loss=0.2900
  ✓ val_loss improved to 0.2900
Epoch 008 | train_loss=0.2742 | val_loss=0.2998
Epoch 009 | train_loss=0.2704 | val_loss=0.2868
  ✓ val_loss improved to 0.2868
Epoch 010 | train_loss=0.2666 | val_loss=0.2883
Epoch 011 | train_loss=0.2633 | val_loss=0.2898
Epoch 012 | train_loss=0.2601 | val_loss=0.2894
Epoch 013 | train_loss=0.2581 | val_loss=0.2882
Epoch 014 | train_loss=0.2565 | val_loss=0.2882
Epoch 015 | train_loss=0.2545 | val_loss=0.2876
Epoch 016 | train_loss=0.2525 | val_loss=0.2858
  ✓ val_loss improved to 0.2858
Epoch 017 | train_loss=0.2502 | val_loss=0.2841
  ✓ val_loss improved to 0.2841
Epoch 018 | train_loss=0.2491 | val_loss=0.2842
Epoch 019 | train_loss=0.2476 | val_loss=0.2854
Epoch 020 | train_loss=0.2453 | val_loss=0.2841
  ✓ val_loss improved to 0.2841
Epoch 021 | train_loss=0.2445 | val_loss=0.2867
Epoch 022 | train_loss=0.2434 | val_loss=0.2862
Epoch 023 | train_loss=0.2414 | val_loss=0.2871
Epoch 024 | train_loss=0.2401 | val_loss=0.2874
Epoch 025 | train_loss=0.2386 | val_loss=0.2878
Epoch 026 | train_loss=0.2370 | val_loss=0.2899
Epoch 027 | train_loss=0.2366 | val_loss=0.2894
Epoch 028 | train_loss=0.2351 | val_loss=0.2889
Epoch 029 | train_loss=0.2339 | val_loss=0.2884
Epoch 030 | train_loss=0.2327 | val_loss=0.2911
Epoch 031 | train_loss=0.2316 | val_loss=0.2891
Epoch 032 | train_loss=0.2305 | val_loss=0.2940
Epoch 033 | train_loss=0.2290 | val_loss=0.2898
Epoch 034 | train_loss=0.2278 | val_loss=0.2907
Epoch 035 | train_loss=0.2273 | val_loss=0.2882
Early stop at epoch 35

Evaluating on test set …

[MEDIUM] MAE=25.2045 | RMSE=41.6560 | MAPE=0.1703
term=long, context=48, pred=12
num_sensors=all, windows_per_sensor=100
Loading gift_eval data …
Train: 71600 samples | Val: 71600 samples
X shape: (71600, 48, 1)  (N, context_length, 1)
Y shape: (71600, 12)  (N, pred_len)
Parameters: 97,420
Epoch 001 | train_loss=0.5562 | val_loss=140911.5501
  ✓ val_loss improved to 140911.5501
Epoch 002 | train_loss=0.4418 | val_loss=140911.5080
  ✓ val_loss improved to 140911.5080
Epoch 003 | train_loss=0.4078 | val_loss=140911.4904
  ✓ val_loss improved to 140911.4904
Epoch 004 | train_loss=0.3927 | val_loss=140911.4783
  ✓ val_loss improved to 140911.4783
Epoch 005 | train_loss=0.3852 | val_loss=140911.4759
  ✓ val_loss improved to 140911.4759
Epoch 006 | train_loss=0.3794 | val_loss=140911.4721
  ✓ val_loss improved to 140911.4721
Epoch 007 | train_loss=0.3739 | val_loss=140911.4766
Epoch 008 | train_loss=0.3710 | val_loss=140911.4823
Epoch 009 | train_loss=0.3675 | val_loss=140911.4731
Epoch 010 | train_loss=0.3639 | val_loss=140911.4721
  ✓ val_loss improved to 140911.4721
Epoch 011 | train_loss=0.3603 | val_loss=140911.4733
Epoch 012 | train_loss=0.3578 | val_loss=140911.4704
  ✓ val_loss improved to 140911.4704
Epoch 013 | train_loss=0.3547 | val_loss=140911.4705
Epoch 014 | train_loss=0.3524 | val_loss=140911.4669
  ✓ val_loss improved to 140911.4669
Epoch 015 | train_loss=0.3489 | val_loss=140911.4706
Epoch 016 | train_loss=0.3471 | val_loss=140911.4649
  ✓ val_loss improved to 140911.4649
Epoch 017 | train_loss=0.3455 | val_loss=140911.4711
Epoch 018 | train_loss=0.3431 | val_loss=140911.4691
Epoch 019 | train_loss=0.3396 | val_loss=140911.4686
Epoch 020 | train_loss=0.3380 | val_loss=140911.4663
Epoch 021 | train_loss=0.3357 | val_loss=140911.4686
Epoch 022 | train_loss=0.3335 | val_loss=140911.4628
  ✓ val_loss improved to 140911.4628
Epoch 023 | train_loss=0.3321 | val_loss=140911.4657
Epoch 024 | train_loss=0.3287 | val_loss=140911.4632
Epoch 025 | train_loss=0.3268 | val_loss=140911.4652
Epoch 026 | train_loss=0.3253 | val_loss=140911.4664
Epoch 027 | train_loss=0.3237 | val_loss=140911.4587
  ✓ val_loss improved to 140911.4587
Epoch 028 | train_loss=0.3224 | val_loss=140911.4677
Epoch 029 | train_loss=0.3204 | val_loss=140911.4621
Epoch 030 | train_loss=0.3193 | val_loss=140911.4666
Epoch 031 | train_loss=0.3170 | val_loss=140911.4662
Epoch 032 | train_loss=0.3156 | val_loss=140911.4706
Epoch 033 | train_loss=0.3141 | val_loss=140911.4673
Epoch 034 | train_loss=0.3121 | val_loss=140911.4628
Epoch 035 | train_loss=0.3111 | val_loss=140911.4632
Epoch 036 | train_loss=0.3106 | val_loss=140911.4695
Epoch 037 | train_loss=0.3089 | val_loss=140911.4702
Epoch 038 | train_loss=0.3071 | val_loss=140911.4714
Epoch 039 | train_loss=0.3056 | val_loss=140911.4665
Epoch 040 | train_loss=0.3058 | val_loss=140911.4709
Epoch 041 | train_loss=0.3039 | val_loss=140911.4700
Epoch 042 | train_loss=0.3027 | val_loss=140911.4702
Early stop at epoch 42

Evaluating on test set …

[LONG] MAE=35.1853 | RMSE=57.5009 | MAPE=0.2629
