term=short, context=48, pred=3
num_sensors=all, windows_per_sensor=100
Loading gift_eval data …
Train: 71600 samples | Val: 71600 samples
X shape: (71600, 48, 1)  (N, context_length, 1)
Y shape: (71600, 3)  (N, pred_len)
Parameters: 96,835
Epoch 001 | train_loss=0.2859 | val_loss=0.2447
  ✓ val_loss improved to 0.2447
Epoch 002 | train_loss=0.2403 | val_loss=0.2368
  ✓ val_loss improved to 0.2368
Epoch 003 | train_loss=0.2343 | val_loss=0.2290
  ✓ val_loss improved to 0.2290
Epoch 004 | train_loss=0.2310 | val_loss=0.2277
  ✓ val_loss improved to 0.2277
Epoch 005 | train_loss=0.2279 | val_loss=0.2288
Epoch 006 | train_loss=0.2257 | val_loss=0.2273
  ✓ val_loss improved to 0.2273
Epoch 007 | train_loss=0.2220 | val_loss=0.2267
  ✓ val_loss improved to 0.2267
Epoch 008 | train_loss=0.2194 | val_loss=0.2267
Epoch 009 | train_loss=0.2173 | val_loss=0.2262
  ✓ val_loss improved to 0.2262
Epoch 010 | train_loss=0.2150 | val_loss=0.2228
  ✓ val_loss improved to 0.2228
Epoch 011 | train_loss=0.2132 | val_loss=0.2293
Epoch 012 | train_loss=0.2115 | val_loss=0.2265
Epoch 013 | train_loss=0.2104 | val_loss=0.2265
Epoch 014 | train_loss=0.2091 | val_loss=0.2230
Epoch 015 | train_loss=0.2076 | val_loss=0.2258
Epoch 016 | train_loss=0.2066 | val_loss=0.2265
Epoch 017 | train_loss=0.2052 | val_loss=0.2229
Epoch 018 | train_loss=0.2043 | val_loss=0.2281
Epoch 019 | train_loss=0.2027 | val_loss=0.2232
Epoch 020 | train_loss=0.2018 | val_loss=0.2256
