term=short, context=48, pred=3
num_sensors=all, windows_per_sensor=1000
Loading gift_eval data …
Train: 704865 samples | Val: 695944 samples
X shape: (704865, 48, 1)  (N, context_length, 1)
Y shape: (704865, 3)  (N, pred_len)
Parameters: 96,835
Epoch 001 | train_loss=0.2335 | val_loss=0.2272
  ✓ val_loss improved to 0.2272
Epoch 002 | train_loss=0.2167 | val_loss=0.2228
  ✓ val_loss improved to 0.2228
Epoch 003 | train_loss=0.2115 | val_loss=0.2206
  ✓ val_loss improved to 0.2206
Epoch 004 | train_loss=0.2085 | val_loss=0.2191
  ✓ val_loss improved to 0.2191
Epoch 005 | train_loss=0.2062 | val_loss=0.2194
Epoch 006 | train_loss=0.2042 | val_loss=0.2187
  ✓ val_loss improved to 0.2187
Epoch 007 | train_loss=0.2027 | val_loss=0.2159
  ✓ val_loss improved to 0.2159
Epoch 008 | train_loss=0.2012 | val_loss=0.2156
  ✓ val_loss improved to 0.2156
Epoch 009 | train_loss=0.2001 | val_loss=0.2158
Epoch 010 | train_loss=0.1990 | val_loss=0.2135
  ✓ val_loss improved to 0.2135
Epoch 011 | train_loss=0.1980 | val_loss=0.2141
Epoch 012 | train_loss=0.1970 | val_loss=0.2146
Epoch 013 | train_loss=0.1961 | val_loss=0.2141
Epoch 014 | train_loss=0.1953 | val_loss=0.2152
Epoch 015 | train_loss=0.1945 | val_loss=0.2156
Epoch 016 | train_loss=0.1939 | val_loss=0.2140
Epoch 017 | train_loss=0.1930 | val_loss=0.2133
  ✓ val_loss improved to 0.2133
Epoch 018 | train_loss=0.1925 | val_loss=0.2141
Epoch 019 | train_loss=0.1918 | val_loss=0.2134
Epoch 020 | train_loss=0.1913 | val_loss=0.2156
Epoch 021 | train_loss=0.1908 | val_loss=0.2148
Epoch 022 | train_loss=0.1902 | val_loss=0.2142
Epoch 023 | train_loss=0.1896 | val_loss=0.2141
Epoch 024 | train_loss=0.1892 | val_loss=0.2159
Epoch 025 | train_loss=0.1888 | val_loss=0.2138
Epoch 026 | train_loss=0.1881 | val_loss=0.2140
Epoch 027 | train_loss=0.1877 | val_loss=0.2134
Epoch 028 | train_loss=0.1874 | val_loss=0.2153
Epoch 029 | train_loss=0.1869 | val_loss=0.2157
Epoch 030 | train_loss=0.1866 | val_loss=0.2155
Epoch 031 | train_loss=0.1862 | val_loss=0.2146
Epoch 032 | train_loss=0.1859 | val_loss=0.2134
Early stop at epoch 32

Evaluating on test set …

[SHORT] MAE=18.4062 | RMSE=30.0526 | MAPE=0.1167
term=medium, context=48, pred=6
num_sensors=all, windows_per_sensor=1000
Loading gift_eval data …
Train: 704862 samples | Val: 695945 samples
X shape: (704862, 48, 1)  (N, context_length, 1)
Y shape: (704862, 6)  (N, pred_len)
Parameters: 97,030
Epoch 001 | train_loss=0.3043 | val_loss=0.2877
  ✓ val_loss improved to 0.2877
Epoch 002 | train_loss=0.2767 | val_loss=0.2815
  ✓ val_loss improved to 0.2815
Epoch 003 | train_loss=0.2697 | val_loss=0.2766
  ✓ val_loss improved to 0.2766
Epoch 004 | train_loss=0.2651 | val_loss=0.2747
  ✓ val_loss improved to 0.2747
Epoch 005 | train_loss=0.2617 | val_loss=0.2722
  ✓ val_loss improved to 0.2722
Epoch 006 | train_loss=0.2589 | val_loss=0.2707
  ✓ val_loss improved to 0.2707
Epoch 007 | train_loss=0.2563 | val_loss=0.2686
  ✓ val_loss improved to 0.2686
Epoch 008 | train_loss=0.2541 | val_loss=0.2678
  ✓ val_loss improved to 0.2678
Epoch 009 | train_loss=0.2521 | val_loss=0.2695
Epoch 010 | train_loss=0.2503 | val_loss=0.2663
  ✓ val_loss improved to 0.2663
Epoch 011 | train_loss=0.2488 | val_loss=0.2683
Epoch 012 | train_loss=0.2474 | val_loss=0.2661
  ✓ val_loss improved to 0.2661
Epoch 013 | train_loss=0.2459 | val_loss=0.2661
  ✓ val_loss improved to 0.2661
Epoch 014 | train_loss=0.2449 | val_loss=0.2641
  ✓ val_loss improved to 0.2641
Epoch 015 | train_loss=0.2437 | val_loss=0.2641
  ✓ val_loss improved to 0.2641
Epoch 016 | train_loss=0.2427 | val_loss=0.2658
Epoch 017 | train_loss=0.2417 | val_loss=0.2671
Epoch 018 | train_loss=0.2407 | val_loss=0.2647
Epoch 019 | train_loss=0.2401 | val_loss=0.2664
Epoch 020 | train_loss=0.2392 | val_loss=0.2658
Epoch 021 | train_loss=0.2385 | val_loss=0.2657
Epoch 022 | train_loss=0.2378 | val_loss=0.2657
Epoch 023 | train_loss=0.2372 | val_loss=0.2655
Epoch 024 | train_loss=0.2365 | val_loss=0.2643
Epoch 025 | train_loss=0.2359 | val_loss=0.2662
Epoch 026 | train_loss=0.2352 | val_loss=0.2669
Epoch 027 | train_loss=0.2347 | val_loss=0.2661
Epoch 028 | train_loss=0.2342 | val_loss=0.2650
Epoch 029 | train_loss=0.2337 | val_loss=0.2639
  ✓ val_loss improved to 0.2639
Epoch 030 | train_loss=0.2332 | val_loss=0.2635
  ✓ val_loss improved to 0.2635
Epoch 031 | train_loss=0.2325 | val_loss=0.2654
Epoch 032 | train_loss=0.2322 | val_loss=0.2656
Epoch 033 | train_loss=0.2316 | val_loss=0.2659
Epoch 034 | train_loss=0.2313 | val_loss=0.2643
Epoch 035 | train_loss=0.2308 | val_loss=0.2648
Epoch 036 | train_loss=0.2305 | val_loss=0.2645
Epoch 037 | train_loss=0.2301 | val_loss=0.2644
Epoch 038 | train_loss=0.2297 | val_loss=0.2649
Epoch 039 | train_loss=0.2293 | val_loss=0.2642
Epoch 040 | train_loss=0.2290 | val_loss=0.2661
Epoch 041 | train_loss=0.2287 | val_loss=0.2666
Epoch 042 | train_loss=0.2284 | val_loss=0.2650
Epoch 043 | train_loss=0.2280 | val_loss=0.2645
Epoch 044 | train_loss=0.2277 | val_loss=0.2659
Epoch 045 | train_loss=0.2273 | val_loss=0.2647
Early stop at epoch 45

Evaluating on test set …

[MEDIUM] MAE=22.8609 | RMSE=37.1825 | MAPE=0.1543
term=long, context=48, pred=12
num_sensors=all, windows_per_sensor=1000
Loading gift_eval data …
Train: 704860 samples | Val: 695954 samples
X shape: (704860, 48, 1)  (N, context_length, 1)
Y shape: (704860, 12)  (N, pred_len)
Parameters: 97,420
Epoch 001 | train_loss=0.4267 | val_loss=0.4003
  ✓ val_loss improved to 0.4003
Epoch 002 | train_loss=0.3806 | val_loss=0.3829
  ✓ val_loss improved to 0.3829
Epoch 003 | train_loss=0.3677 | val_loss=0.3711
  ✓ val_loss improved to 0.3711
Epoch 004 | train_loss=0.3603 | val_loss=0.3691
  ✓ val_loss improved to 0.3691
Epoch 005 | train_loss=0.3549 | val_loss=0.3674
  ✓ val_loss improved to 0.3674
Epoch 006 | train_loss=0.3500 | val_loss=0.3636
  ✓ val_loss improved to 0.3636
Epoch 007 | train_loss=0.3465 | val_loss=0.3617
  ✓ val_loss improved to 0.3617
Epoch 008 | train_loss=0.3434 | val_loss=0.3586
  ✓ val_loss improved to 0.3586
Epoch 009 | train_loss=0.3403 | val_loss=0.3670
Epoch 010 | train_loss=0.3376 | val_loss=0.3578
  ✓ val_loss improved to 0.3578
Epoch 011 | train_loss=0.3350 | val_loss=0.3611
Epoch 012 | train_loss=0.3332 | val_loss=0.3586
Epoch 013 | train_loss=0.3312 | val_loss=0.3593
Epoch 014 | train_loss=0.3294 | val_loss=0.3602
Epoch 015 | train_loss=0.3274 | val_loss=0.3563
  ✓ val_loss improved to 0.3563
Epoch 016 | train_loss=0.3259 | val_loss=0.3573
Epoch 017 | train_loss=0.3245 | val_loss=0.3566
Epoch 018 | train_loss=0.3233 | val_loss=0.3557
  ✓ val_loss improved to 0.3557
Epoch 019 | train_loss=0.3221 | val_loss=0.3560
Epoch 020 | train_loss=0.3209 | val_loss=0.3563
Epoch 021 | train_loss=0.3198 | val_loss=0.3541
  ✓ val_loss improved to 0.3541
Epoch 022 | train_loss=0.3190 | val_loss=0.3542
Epoch 023 | train_loss=0.3180 | val_loss=0.3546
Epoch 024 | train_loss=0.3170 | val_loss=0.3528
  ✓ val_loss improved to 0.3528
Epoch 025 | train_loss=0.3162 | val_loss=0.3536
Epoch 026 | train_loss=0.3154 | val_loss=0.3563
Epoch 027 | train_loss=0.3146 | val_loss=0.3547
Epoch 028 | train_loss=0.3138 | val_loss=0.3553
Epoch 029 | train_loss=0.3132 | val_loss=0.3538
Epoch 030 | train_loss=0.3124 | val_loss=0.3537
Epoch 031 | train_loss=0.3118 | val_loss=0.3562
Epoch 032 | train_loss=0.3110 | val_loss=0.3542
Epoch 033 | train_loss=0.3103 | val_loss=0.3548
Epoch 034 | train_loss=0.3101 | val_loss=0.3556
Epoch 035 | train_loss=0.3093 | val_loss=0.3536
Epoch 036 | train_loss=0.3087 | val_loss=0.3541
Epoch 037 | train_loss=0.3081 | val_loss=0.3550
Epoch 038 | train_loss=0.3076 | val_loss=0.3559
