term=long, context=48, pred=12
num_sensors=all, windows_per_sensor=1000
Loading gift_eval data …
Train: 704860 samples | Val: 695954 samples
X shape: (704860, 48, 1)  (N, context_length, 1)
Y shape: (704860, 12)  (N, pred_len)
Parameters: 97,420
Epoch 001 | train_loss=0.4267 | val_loss=0.4003
  ✓ val_loss improved to 0.4003
Epoch 002 | train_loss=0.3806 | val_loss=0.3829
  ✓ val_loss improved to 0.3829
Epoch 003 | train_loss=0.3677 | val_loss=0.3711
  ✓ val_loss improved to 0.3711
Epoch 004 | train_loss=0.3603 | val_loss=0.3691
  ✓ val_loss improved to 0.3691
Epoch 005 | train_loss=0.3549 | val_loss=0.3674
  ✓ val_loss improved to 0.3674
Epoch 006 | train_loss=0.3500 | val_loss=0.3636
  ✓ val_loss improved to 0.3636
Epoch 007 | train_loss=0.3465 | val_loss=0.3617
  ✓ val_loss improved to 0.3617
Epoch 008 | train_loss=0.3434 | val_loss=0.3586
  ✓ val_loss improved to 0.3586
Epoch 009 | train_loss=0.3403 | val_loss=0.3670
Epoch 010 | train_loss=0.3376 | val_loss=0.3578
  ✓ val_loss improved to 0.3578
Epoch 011 | train_loss=0.3350 | val_loss=0.3611
Epoch 012 | train_loss=0.3332 | val_loss=0.3586
Epoch 013 | train_loss=0.3312 | val_loss=0.3593
Epoch 014 | train_loss=0.3294 | val_loss=0.3602
Epoch 015 | train_loss=0.3274 | val_loss=0.3563
  ✓ val_loss improved to 0.3563
Epoch 016 | train_loss=0.3259 | val_loss=0.3573
Epoch 017 | train_loss=0.3245 | val_loss=0.3566
Epoch 018 | train_loss=0.3233 | val_loss=0.3557
  ✓ val_loss improved to 0.3557
Epoch 019 | train_loss=0.3221 | val_loss=0.3560
Epoch 020 | train_loss=0.3209 | val_loss=0.3563
Epoch 021 | train_loss=0.3198 | val_loss=0.3541
  ✓ val_loss improved to 0.3541
Epoch 022 | train_loss=0.3190 | val_loss=0.3542
Epoch 023 | train_loss=0.3180 | val_loss=0.3546
Epoch 024 | train_loss=0.3170 | val_loss=0.3528
  ✓ val_loss improved to 0.3528
Epoch 025 | train_loss=0.3162 | val_loss=0.3536
Epoch 026 | train_loss=0.3154 | val_loss=0.3563
Epoch 027 | train_loss=0.3146 | val_loss=0.3547
Epoch 028 | train_loss=0.3138 | val_loss=0.3553
Epoch 029 | train_loss=0.3132 | val_loss=0.3538
Epoch 030 | train_loss=0.3124 | val_loss=0.3537
Epoch 031 | train_loss=0.3118 | val_loss=0.3562
Epoch 032 | train_loss=0.3110 | val_loss=0.3542
Epoch 033 | train_loss=0.3103 | val_loss=0.3548
Epoch 034 | train_loss=0.3101 | val_loss=0.3556
Epoch 035 | train_loss=0.3093 | val_loss=0.3536
Epoch 036 | train_loss=0.3087 | val_loss=0.3541
Epoch 037 | train_loss=0.3081 | val_loss=0.3550
Epoch 038 | train_loss=0.3076 | val_loss=0.3559
Epoch 039 | train_loss=0.3071 | val_loss=0.3569
Early stop at epoch 39

Evaluating on test set …

[LONG] MAE=30.7430 | RMSE=49.8120 | MAPE=0.2273
