warning: `VIRTUAL_ENV=/u/tliao2/TrafficFM/.venv` does not match the project environment path `fm/timesfm/.venv` and will be ignored; use `--active` to target the active environment instead
Traceback (most recent call last):
  File "/u/tliao2/TrafficFM/benchmark/fm/timesfm/.venv/lib/python3.10/site-packages/timesfm/__init__.py", line 21, in <module>
    from timesfm.timesfm_jax import TimesFmJax as TimesFm
  File "/u/tliao2/TrafficFM/benchmark/fm/timesfm/.venv/lib/python3.10/site-packages/timesfm/timesfm_jax.py", line 28, in <module>
    from paxml import checkpoints, tasks_lib
ModuleNotFoundError: No module named 'paxml'

During handling of the above exception, another exception occurred:

Traceback (most recent call last):
  File "/u/tliao2/TrafficFM/benchmark/fm/timesfm/timesfm.py", line 28, in <module>
    import timesfm
  File "/u/tliao2/TrafficFM/benchmark/fm/timesfm/.venv/lib/python3.10/site-packages/timesfm/__init__.py", line 25, in <module>
    from timesfm.timesfm_torch import TimesFmTorch as TimesFm
  File "/u/tliao2/TrafficFM/benchmark/fm/timesfm/.venv/lib/python3.10/site-packages/timesfm/timesfm_torch.py", line 21, in <module>
    import torch
ModuleNotFoundError: No module named 'torch'

The above exception was the direct cause of the following exception:

Traceback (most recent call last):
  File "/u/tliao2/.local/share/uv/python/cpython-3.10-linux-x86_64-gnu/lib/python3.10/runpy.py", line 196, in _run_module_as_main
    return _run_code(code, main_globals, None,
  File "/u/tliao2/.local/share/uv/python/cpython-3.10-linux-x86_64-gnu/lib/python3.10/runpy.py", line 86, in _run_code
    exec(code, run_globals)
  File "/u/tliao2/TrafficFM/benchmark/fm/timesfm/timesfm.py", line 30, in <module>
    raise ImportError(
ImportError: timesfm package is not installed. Please install it by running:
  pip install 'timesfm[pax]'  # for JAX backend (python 3.10.x)
  or
  pip install 'timesfm[torch]'  # for PyTorch backend (python 3.11.x)

Original error: No module named 'torch'
