warning: `VIRTUAL_ENV=/u/tliao2/TrafficFM/.venv` does not match the project environment path `fm/flowstate/.venv` and will be ignored; use `--active` to target the active environment instead
WARNING:p-2565577:t-140210407229248:configuration_flowstate.py:check_and_init_preprocessing:Quantiles are now availble in the `quantile_outputs` key of the model output and `prediction_type='quantile'` is deprecated. Setting `prediction_type` to `mean`.
INFO:p-2565577:t-140210407229248:modeling_flowstate.py:__init__: Total Number of parameters: 9069.312k
INFO:p-2565577:t-140210407229248:modeling_flowstate.py:__init__:Number of decoder parameters: 1181.952k (13.03%)
Traceback (most recent call last):
  File "/u/tliao2/.local/share/uv/python/cpython-3.10-linux-x86_64-gnu/lib/python3.10/runpy.py", line 196, in _run_module_as_main
    return _run_code(code, main_globals, None,
  File "/u/tliao2/.local/share/uv/python/cpython-3.10-linux-x86_64-gnu/lib/python3.10/runpy.py", line 86, in _run_code
    exec(code, run_globals)
  File "/u/tliao2/TrafficFM/benchmark/fm/flowstate/flowstate.py", line 137, in <module>
    main()
  File "/u/tliao2/TrafficFM/benchmark/fm/flowstate/flowstate.py", line 127, in main
    run_benchmark(
  File "/u/tliao2/TrafficFM/benchmark/fm/fm_utils.py", line 75, in run_benchmark
    return eval(
  File "/u/tliao2/TrafficFM/benchmark/common.py", line 651, in eval
    res = evaluate_model(
  File "/u/tliao2/TrafficFM/benchmark/fm/flowstate/.venv/lib/python3.10/site-packages/gluonts/model/evaluation.py", line 260, in evaluate_model
    forecasts = model.predict(test_data.input)
  File "/u/tliao2/TrafficFM/benchmark/fm/flowstate/granite-tsfm/notebooks/hfdemo/flowstate/gift_wrapper.py", line 128, in predict
    pred = self.model(
  File "/u/tliao2/TrafficFM/benchmark/fm/flowstate/.venv/lib/python3.10/site-packages/torch/nn/modules/module.py", line 1773, in _wrapped_call_impl
    return self._call_impl(*args, **kwargs)
  File "/u/tliao2/TrafficFM/benchmark/fm/flowstate/.venv/lib/python3.10/site-packages/torch/nn/modules/module.py", line 1784, in _call_impl
    return forward_call(*args, **kwargs)
  File "/u/tliao2/TrafficFM/benchmark/fm/flowstate/granite-tsfm/tsfm_public/models/flowstate/modeling_flowstate.py", line 913, in forward
    model_output = self.model(
  File "/u/tliao2/TrafficFM/benchmark/fm/flowstate/.venv/lib/python3.10/site-packages/torch/nn/modules/module.py", line 1773, in _wrapped_call_impl
    return self._call_impl(*args, **kwargs)
  File "/u/tliao2/TrafficFM/benchmark/fm/flowstate/.venv/lib/python3.10/site-packages/torch/nn/modules/module.py", line 1784, in _call_impl
    return forward_call(*args, **kwargs)
  File "/u/tliao2/TrafficFM/benchmark/fm/flowstate/granite-tsfm/tsfm_public/models/flowstate/modeling_flowstate.py", line 703, in forward
    encoder_output = self.encoder(encoder_inputs, scale_factor=scale_factor)
  File "/u/tliao2/TrafficFM/benchmark/fm/flowstate/.venv/lib/python3.10/site-packages/torch/nn/modules/module.py", line 1773, in _wrapped_call_impl
    return self._call_impl(*args, **kwargs)
  File "/u/tliao2/TrafficFM/benchmark/fm/flowstate/.venv/lib/python3.10/site-packages/torch/nn/modules/module.py", line 1784, in _call_impl
    return forward_call(*args, **kwargs)
  File "/u/tliao2/TrafficFM/benchmark/fm/flowstate/granite-tsfm/tsfm_public/models/flowstate/modeling_flowstate.py", line 506, in forward
    output = lay(output, scale_factor=scale_factor)
  File "/u/tliao2/TrafficFM/benchmark/fm/flowstate/.venv/lib/python3.10/site-packages/torch/nn/modules/module.py", line 1773, in _wrapped_call_impl
    return self._call_impl(*args, **kwargs)
  File "/u/tliao2/TrafficFM/benchmark/fm/flowstate/.venv/lib/python3.10/site-packages/torch/nn/modules/module.py", line 1784, in _call_impl
    return forward_call(*args, **kwargs)
  File "/u/tliao2/TrafficFM/benchmark/fm/flowstate/granite-tsfm/tsfm_public/models/flowstate/modeling_flowstate.py", line 428, in forward
    x = self.ssm(x, scale_factor)
  File "/u/tliao2/TrafficFM/benchmark/fm/flowstate/.venv/lib/python3.10/site-packages/torch/nn/modules/module.py", line 1773, in _wrapped_call_impl
    return self._call_impl(*args, **kwargs)
  File "/u/tliao2/TrafficFM/benchmark/fm/flowstate/.venv/lib/python3.10/site-packages/torch/nn/modules/module.py", line 1784, in _call_impl
    return forward_call(*args, **kwargs)
  File "/u/tliao2/TrafficFM/benchmark/fm/flowstate/granite-tsfm/tsfm_public/models/flowstate/modeling_flowstate.py", line 376, in forward
    xs = self.apply_ssm_kern_ff(Bu_elements, kernel)
  File "/u/tliao2/TrafficFM/benchmark/fm/flowstate/granite-tsfm/tsfm_public/models/flowstate/modeling_flowstate.py", line 352, in apply_ssm_kern_ff
    buff = torch.fft.fft(Bu_elements, n=2 * l, dim=0)
torch.OutOfMemoryError: CUDA out of memory. Tried to allocate 440.00 MiB. GPU 0 has a total capacity of 39.49 GiB of which 189.56 MiB is free. Including non-PyTorch memory, this process has 39.30 GiB memory in use. Of the allocated memory 38.12 GiB is allocated by PyTorch, and 698.04 MiB is reserved by PyTorch but unallocated. If reserved but unallocated memory is large try setting PYTORCH_CUDA_ALLOC_CONF=expandable_segments:True to avoid fragmentation.  See documentation for Memory Management  (https://pytorch.org/docs/stable/notes/cuda.html#environment-variables)
