Results will be saved to: /scratch/bcqc/tliao2/TrafficFM/results/sundial_base_128m
Evaluating sundial_base_128m from thuml/sundial-base-128m
Processing dataset: sd_val/2018/15T (1 of 1)
Prediction length: 3
Dataset size: 14320
prediction_length: 3
Results for sd_val/2018/15T have been written to /scratch/bcqc/tliao2/TrafficFM/results/sundial_base_128m/all_results.csv
Prediction length: 6
Dataset size: 14320
prediction_length: 6
Results for sd_val/2018/15T have been written to /scratch/bcqc/tliao2/TrafficFM/results/sundial_base_128m/all_results.csv
Prediction length: 12
Dataset size: 14320
prediction_length: 12
Results for sd_val/2018/15T have been written to /scratch/bcqc/tliao2/TrafficFM/results/sundial_base_128m/all_results.csv

Final aggregated results:
              dataset              model  ...     domain  num_variates
0   sd_val/2018/short  sundial_base_128m  ...  Transport             1
1  sd_val/2018/medium  sundial_base_128m  ...  Transport             1
2    sd_val/2018/long  sundial_base_128m  ...  Transport             1

[3 rows x 15 columns]
