wandb: [wandb.login()] Loaded credentials for https://api.wandb.ai from /u/tliao2/.netrc.
wandb: Currently logged in as: tliao730 (TrafficFM) to https://api.wandb.ai. Use `wandb login --relogin` to force relogin
wandb: setting up run hne2og48
wandb: Tracking run with wandb version 0.26.1
wandb: Run data is saved locally in /u/tliao2/TrafficFM/benchmark/gnn/wandb/run-20260603_225446-hne2og48
wandb: Run `wandb offline` to turn off syncing.
wandb: Syncing run ASTGCN_SD2018_s2023
wandb: ⭐️ View project at https://wandb.ai/TrafficFM/TrafficFM
wandb: 🚀 View run at https://wandb.ai/TrafficFM/TrafficFM/runs/hne2og48
wandb: updating run metadata
wandb: uploading output.log; uploading wandb-summary.json; uploading config.yaml
wandb: 
wandb: Run history:
wandb:      epoch ▁▁▁▁▂▂▂▂▂▂▃▃▃▃▃▃▃▃▃▄▄▄▄▄▄▅▅▅▅▅▆▆▆▇▇▇████
wandb: train_loss █▄▂▂▂▂▂▂▂▂▂▂▂▂▂▁▁▁▁▁▁▁▁▁▁▁▁▁▁▁▁▁▁▁▁▁▁▁▁▁
wandb: train_mape █▃▂▂▂▂▂▂▂▂▂▂▂▂▂▂▁▁▁▁▁▁▁▁▁▁▁▁▁▁▁▁▁▁▁▁▁▁▁▁
wandb: train_rmse █▆▄▃▃▃▃▃▃▂▂▂▂▂▂▂▂▂▂▂▂▂▂▁▁▁▁▁▁▁▁▁▁▁▁▁▁▁▁▁
wandb:   val_loss █▃▃▃▂▃▂▂▂▂▂▂▂▂▂▂▁▂▂▁▁▁▂▁▂▁▁▁▁▁▁▁▁▁▁▁▁▁▁▁
wandb:   val_mape █▇▄▃▃▄▃▂▄▃▂▂▃▂▂▂▂▂▂▂▂▂▂▂▁▂▁▁▁▁▁▁▁▁▁▁▁▁▁▁
wandb:   val_rmse █▆▄▄▄▃▃▃▂▂▂▂▂▂▂▂▂▂▂▂▁▁▂▂▁▁▁▁▁▁▁▁▁▁▁▁▁▁▁▁
wandb: 
wandb: Run summary:
wandb:      epoch 100
wandb: train_loss 17.98219
wandb: train_mape 0.10723
wandb: train_rmse 29.22755
wandb:   val_loss 19.93839
wandb:   val_mape 0.11644
wandb:   val_rmse 31.9077
wandb: 
wandb: 🚀 View run ASTGCN_SD2018_s2023 at: https://wandb.ai/TrafficFM/TrafficFM/runs/hne2og48
wandb: ⭐️ View project at: https://wandb.ai/TrafficFM/TrafficFM
wandb: Synced 5 W&B file(s), 0 media file(s), 0 artifact file(s) and 0 other file(s)
wandb: Find logs at: ./wandb/run-20260603_225446-hne2og48/logs
