Log directory: ./experiments/ASTGCN/SD/
2026-06-03 22:54:38,445 - Namespace(device='cuda', dataset='SD', years='2018', model_name='ASTGCN', seed=2023, bs=64, seq_len=12, horizon=12, input_dim=3, output_dim=1, mode='train', max_epochs=100, patience=30, log_dir='', pretrained_path='', test_split=0, test_stride=1, test_num_windows=0, test_stride_mode='fixed', save_predictions=False, pred_out_dir='', pred_horizon=0, order=3, nb_block=2, nb_chev_filter=64, nb_time_filter=64, time_stride=1, lrate=0.001, wdecay=0.0001, clip_grad_value=5)
2026-06-03 22:54:38,453 - Adj path: /u/tliao2/TrafficFM/benchmark/gnn/data/sd/sd_rn_adj.npy
2026-06-03 22:54:40,238 - Data shape: (35040, 716, 3)
2026-06-03 22:54:40,273 - Sample num: 21010, Batch num: 329
2026-06-03 22:54:40,292 - Sample num: 7003, Batch num: 110
2026-06-03 22:54:40,329 - Could not load gift_eval dataset (No module named 'gift_eval'), falling back to stride mode
2026-06-03 22:54:40,329 - Sample num: 7004, Batch num: 110
2026-06-03 22:54:43,923 - The number of parameters: 2153034
2026-06-03 22:54:48,286 - Start training!
Check mask value tensor(0., device='cuda:0')
2026-06-03 22:57:26,250 - Epoch: 001, Train Loss: 55.4223, Train RMSE: 83.5563, Train MAPE: 0.4841, Valid Loss: 42.8997, Valid RMSE: 67.8021, Valid MAPE: 0.2997, Train Time: 138.4389s/epoch, Valid Time: 19.5246s, LR: 1.0000e-03
2026-06-03 22:57:26,294 - Val loss decrease from inf to 42.8997
2026-06-03 23:00:03,437 - Epoch: 002, Train Loss: 35.3875, Train RMSE: 56.8428, Train MAPE: 0.2756, Valid Loss: 32.8924, Valid RMSE: 50.5931, Valid MAPE: 0.2683, Train Time: 137.4170s/epoch, Valid Time: 19.7256s, LR: 9.9975e-04
2026-06-03 23:00:03,466 - Val loss decrease from 42.8997 to 32.8924
2026-06-03 23:02:40,103 - Epoch: 003, Train Loss: 29.6620, Train RMSE: 47.0487, Train MAPE: 0.2272, Valid Loss: 28.1043, Valid RMSE: 44.4182, Valid MAPE: 0.2021, Train Time: 136.8921s/epoch, Valid Time: 19.7447s, LR: 9.9901e-04
2026-06-03 23:02:40,134 - Val loss decrease from 32.8924 to 28.1043
2026-06-03 23:05:16,870 - Epoch: 004, Train Loss: 26.7332, Train RMSE: 41.9616, Train MAPE: 0.2008, Valid Loss: 26.2448, Valid RMSE: 41.2422, Valid MAPE: 0.1805, Train Time: 136.9294s/epoch, Valid Time: 19.8054s, LR: 9.9778e-04
2026-06-03 23:05:16,899 - Val loss decrease from 28.1043 to 26.2448
2026-06-03 23:07:53,804 - Epoch: 005, Train Loss: 25.3177, Train RMSE: 39.5395, Train MAPE: 0.1879, Valid Loss: 26.4322, Valid RMSE: 41.2256, Valid MAPE: 0.1795, Train Time: 137.0914s/epoch, Valid Time: 19.8130s, LR: 9.9606e-04
2026-06-03 23:10:30,413 - Epoch: 006, Train Loss: 24.7582, Train RMSE: 38.5366, Train MAPE: 0.1840, Valid Loss: 25.8442, Valid RMSE: 39.3466, Valid MAPE: 0.1995, Train Time: 136.8466s/epoch, Valid Time: 19.7599s, LR: 9.9385e-04
2026-06-03 23:10:30,444 - Val loss decrease from 26.2448 to 25.8442
2026-06-03 23:13:07,105 - Epoch: 007, Train Loss: 24.5772, Train RMSE: 38.1780, Train MAPE: 0.1831, Valid Loss: 24.3155, Valid RMSE: 37.8666, Valid MAPE: 0.1705, Train Time: 136.8828s/epoch, Valid Time: 19.7775s, LR: 9.9115e-04
2026-06-03 23:13:07,133 - Val loss decrease from 25.8442 to 24.3155
2026-06-03 23:15:43,736 - Epoch: 008, Train Loss: 23.6424, Train RMSE: 36.9656, Train MAPE: 0.1720, Valid Loss: 25.0214, Valid RMSE: 38.7662, Valid MAPE: 0.1688, Train Time: 136.8543s/epoch, Valid Time: 19.7483s, LR: 9.8797e-04
2026-06-03 23:18:20,429 - Epoch: 009, Train Loss: 23.4882, Train RMSE: 36.7354, Train MAPE: 0.1702, Valid Loss: 23.7166, Valid RMSE: 36.6456, Valid MAPE: 0.1704, Train Time: 136.8703s/epoch, Valid Time: 19.8203s, LR: 9.8431e-04
2026-06-03 23:18:20,458 - Val loss decrease from 24.3155 to 23.7166
2026-06-03 23:20:57,109 - Epoch: 010, Train Loss: 23.6084, Train RMSE: 36.5440, Train MAPE: 0.1747, Valid Loss: 24.6781, Valid RMSE: 37.4382, Valid MAPE: 0.1982, Train Time: 136.8828s/epoch, Valid Time: 19.7674s, LR: 9.8017e-04
2026-06-03 23:23:33,707 - Epoch: 011, Train Loss: 23.4045, Train RMSE: 36.4475, Train MAPE: 0.1708, Valid Loss: 24.2940, Valid RMSE: 37.9364, Valid MAPE: 0.1702, Train Time: 136.8295s/epoch, Valid Time: 19.7657s, LR: 9.7555e-04
2026-06-03 23:26:10,395 - Epoch: 012, Train Loss: 23.5332, Train RMSE: 36.5195, Train MAPE: 0.1719, Valid Loss: 23.1345, Valid RMSE: 36.2679, Valid MAPE: 0.1522, Train Time: 136.8928s/epoch, Valid Time: 19.7926s, LR: 9.7047e-04
2026-06-03 23:26:10,423 - Val loss decrease from 23.7166 to 23.1345
2026-06-03 23:28:47,132 - Epoch: 013, Train Loss: 22.9903, Train RMSE: 35.9014, Train MAPE: 0.1659, Valid Loss: 23.1493, Valid RMSE: 35.9351, Valid MAPE: 0.1600, Train Time: 136.9264s/epoch, Valid Time: 19.7819s, LR: 9.6492e-04
2026-06-03 23:31:23,843 - Epoch: 014, Train Loss: 22.6444, Train RMSE: 35.4505, Train MAPE: 0.1611, Valid Loss: 25.4728, Valid RMSE: 39.1679, Valid MAPE: 0.1840, Train Time: 136.9242s/epoch, Valid Time: 19.7841s, LR: 9.5892e-04
2026-06-03 23:34:00,556 - Epoch: 015, Train Loss: 22.6399, Train RMSE: 35.3370, Train MAPE: 0.1622, Valid Loss: 24.4560, Valid RMSE: 36.8982, Valid MAPE: 0.1879, Train Time: 136.9110s/epoch, Valid Time: 19.8005s, LR: 9.5246e-04
2026-06-03 23:36:37,138 - Epoch: 016, Train Loss: 22.8801, Train RMSE: 35.5473, Train MAPE: 0.1654, Valid Loss: 23.4497, Valid RMSE: 36.6888, Valid MAPE: 0.1485, Train Time: 136.8069s/epoch, Valid Time: 19.7719s, LR: 9.4556e-04
2026-06-03 23:39:13,868 - Epoch: 017, Train Loss: 22.7008, Train RMSE: 35.4523, Train MAPE: 0.1620, Valid Loss: 24.0740, Valid RMSE: 37.1424, Valid MAPE: 0.1619, Train Time: 136.9060s/epoch, Valid Time: 19.8218s, LR: 9.3822e-04
2026-06-03 23:41:50,639 - Epoch: 018, Train Loss: 22.5816, Train RMSE: 35.1080, Train MAPE: 0.1618, Valid Loss: 23.8800, Valid RMSE: 36.6723, Valid MAPE: 0.1618, Train Time: 137.0120s/epoch, Valid Time: 19.7562s, LR: 9.3044e-04
2026-06-03 23:44:27,201 - Epoch: 019, Train Loss: 22.4808, Train RMSE: 35.1476, Train MAPE: 0.1595, Valid Loss: 23.5786, Valid RMSE: 35.9294, Valid MAPE: 0.1793, Train Time: 136.7996s/epoch, Valid Time: 19.7600s, LR: 9.2224e-04
2026-06-03 23:47:03,795 - Epoch: 020, Train Loss: 22.3163, Train RMSE: 34.8837, Train MAPE: 0.1575, Valid Loss: 23.7002, Valid RMSE: 36.6524, Valid MAPE: 0.1610, Train Time: 136.8310s/epoch, Valid Time: 19.7605s, LR: 9.1363e-04
2026-06-03 23:49:40,494 - Epoch: 021, Train Loss: 22.1669, Train RMSE: 34.7686, Train MAPE: 0.1557, Valid Loss: 22.2931, Valid RMSE: 35.0904, Valid MAPE: 0.1449, Train Time: 136.9284s/epoch, Valid Time: 19.7681s, LR: 9.0460e-04
2026-06-03 23:49:40,523 - Val loss decrease from 23.1345 to 22.2931
2026-06-03 23:52:17,236 - Epoch: 022, Train Loss: 21.9061, Train RMSE: 34.3459, Train MAPE: 0.1530, Valid Loss: 22.6014, Valid RMSE: 35.6028, Valid MAPE: 0.1508, Train Time: 136.9356s/epoch, Valid Time: 19.7762s, LR: 8.9518e-04
2026-06-03 23:54:54,014 - Epoch: 023, Train Loss: 21.8150, Train RMSE: 34.2003, Train MAPE: 0.1516, Valid Loss: 23.4785, Valid RMSE: 36.7184, Valid MAPE: 0.1541, Train Time: 136.9934s/epoch, Valid Time: 19.7828s, LR: 8.8537e-04
2026-06-03 23:57:30,770 - Epoch: 024, Train Loss: 21.6511, Train RMSE: 34.0936, Train MAPE: 0.1496, Valid Loss: 22.3011, Valid RMSE: 35.1344, Valid MAPE: 0.1472, Train Time: 136.9622s/epoch, Valid Time: 19.7910s, LR: 8.7518e-04
2026-06-04 00:00:07,491 - Epoch: 025, Train Loss: 21.7465, Train RMSE: 34.2058, Train MAPE: 0.1503, Valid Loss: 22.1999, Valid RMSE: 34.5871, Valid MAPE: 0.1579, Train Time: 136.9351s/epoch, Valid Time: 19.7832s, LR: 8.6462e-04
2026-06-04 00:00:07,521 - Val loss decrease from 22.2931 to 22.1999
2026-06-04 00:02:44,255 - Epoch: 026, Train Loss: 21.6078, Train RMSE: 33.8992, Train MAPE: 0.1504, Valid Loss: 22.5578, Valid RMSE: 35.5577, Valid MAPE: 0.1434, Train Time: 136.9415s/epoch, Valid Time: 19.7917s, LR: 8.5370e-04
2026-06-04 00:05:21,011 - Epoch: 027, Train Loss: 21.5256, Train RMSE: 33.8372, Train MAPE: 0.1484, Valid Loss: 23.6640, Valid RMSE: 36.8243, Valid MAPE: 0.1581, Train Time: 136.9931s/epoch, Valid Time: 19.7608s, LR: 8.4243e-04
2026-06-04 00:07:57,810 - Epoch: 028, Train Loss: 21.5578, Train RMSE: 33.9730, Train MAPE: 0.1478, Valid Loss: 23.2432, Valid RMSE: 35.2158, Valid MAPE: 0.1736, Train Time: 137.0293s/epoch, Valid Time: 19.7674s, LR: 8.3083e-04
2026-06-04 00:10:34,611 - Epoch: 029, Train Loss: 21.3328, Train RMSE: 33.6048, Train MAPE: 0.1463, Valid Loss: 22.2889, Valid RMSE: 34.5868, Valid MAPE: 0.1605, Train Time: 137.0385s/epoch, Valid Time: 19.7598s, LR: 8.1889e-04
2026-06-04 00:13:11,312 - Epoch: 030, Train Loss: 21.3017, Train RMSE: 33.4655, Train MAPE: 0.1470, Valid Loss: 22.3777, Valid RMSE: 35.3073, Valid MAPE: 0.1380, Train Time: 136.9263s/epoch, Valid Time: 19.7726s, LR: 8.0665e-04
2026-06-04 00:15:47,953 - Epoch: 031, Train Loss: 21.2915, Train RMSE: 33.4864, Train MAPE: 0.1458, Valid Loss: 22.2294, Valid RMSE: 35.1401, Valid MAPE: 0.1349, Train Time: 136.8745s/epoch, Valid Time: 19.7636s, LR: 7.9410e-04
2026-06-04 00:18:24,556 - Epoch: 032, Train Loss: 21.0525, Train RMSE: 33.1965, Train MAPE: 0.1428, Valid Loss: 22.5117, Valid RMSE: 35.1977, Valid MAPE: 0.1535, Train Time: 136.8360s/epoch, Valid Time: 19.7638s, LR: 7.8126e-04
2026-06-04 00:21:01,164 - Epoch: 033, Train Loss: 21.2281, Train RMSE: 33.5194, Train MAPE: 0.1442, Valid Loss: 22.6312, Valid RMSE: 35.1807, Valid MAPE: 0.1537, Train Time: 136.8495s/epoch, Valid Time: 19.7569s, LR: 7.6815e-04
2026-06-04 00:23:37,906 - Epoch: 034, Train Loss: 20.9017, Train RMSE: 33.0138, Train MAPE: 0.1406, Valid Loss: 22.3146, Valid RMSE: 35.0844, Valid MAPE: 0.1407, Train Time: 136.9538s/epoch, Valid Time: 19.7855s, LR: 7.5477e-04
2026-06-04 00:26:14,696 - Epoch: 035, Train Loss: 20.7940, Train RMSE: 32.9173, Train MAPE: 0.1390, Valid Loss: 22.0295, Valid RMSE: 34.4715, Valid MAPE: 0.1480, Train Time: 137.0150s/epoch, Valid Time: 19.7723s, LR: 7.4114e-04
2026-06-04 00:26:14,723 - Val loss decrease from 22.1999 to 22.0295
2026-06-04 00:28:51,415 - Epoch: 036, Train Loss: 20.6201, Train RMSE: 32.6765, Train MAPE: 0.1373, Valid Loss: 21.5474, Valid RMSE: 33.9438, Valid MAPE: 0.1404, Train Time: 136.9477s/epoch, Valid Time: 19.7440s, LR: 7.2727e-04
2026-06-04 00:28:51,444 - Val loss decrease from 22.0295 to 21.5474
2026-06-04 00:31:28,130 - Epoch: 037, Train Loss: 20.6130, Train RMSE: 32.5921, Train MAPE: 0.1388, Valid Loss: 22.5376, Valid RMSE: 35.5915, Valid MAPE: 0.1357, Train Time: 136.9167s/epoch, Valid Time: 19.7679s, LR: 7.1318e-04
2026-06-04 00:34:04,887 - Epoch: 038, Train Loss: 20.5677, Train RMSE: 32.5605, Train MAPE: 0.1371, Valid Loss: 21.8399, Valid RMSE: 33.8712, Valid MAPE: 0.1531, Train Time: 136.9795s/epoch, Valid Time: 19.7756s, LR: 6.9888e-04
2026-06-04 00:36:41,637 - Epoch: 039, Train Loss: 20.6329, Train RMSE: 32.6223, Train MAPE: 0.1385, Valid Loss: 21.5541, Valid RMSE: 34.0528, Valid MAPE: 0.1331, Train Time: 136.9310s/epoch, Valid Time: 19.8163s, LR: 6.8438e-04
2026-06-04 00:39:18,282 - Epoch: 040, Train Loss: 20.4487, Train RMSE: 32.4194, Train MAPE: 0.1353, Valid Loss: 21.8123, Valid RMSE: 34.2471, Valid MAPE: 0.1363, Train Time: 136.8636s/epoch, Valid Time: 19.7793s, LR: 6.6970e-04
2026-06-04 00:41:54,886 - Epoch: 041, Train Loss: 20.3822, Train RMSE: 32.2953, Train MAPE: 0.1354, Valid Loss: 22.4457, Valid RMSE: 35.0083, Valid MAPE: 0.1384, Train Time: 136.8145s/epoch, Valid Time: 19.7867s, LR: 6.5485e-04
2026-06-04 00:44:31,528 - Epoch: 042, Train Loss: 20.1664, Train RMSE: 32.0244, Train MAPE: 0.1319, Valid Loss: 21.2887, Valid RMSE: 33.4417, Valid MAPE: 0.1410, Train Time: 136.8730s/epoch, Valid Time: 19.7664s, LR: 6.3986e-04
2026-06-04 00:44:31,559 - Val loss decrease from 21.5474 to 21.2887
2026-06-04 00:47:08,063 - Epoch: 043, Train Loss: 20.2376, Train RMSE: 32.1277, Train MAPE: 0.1328, Valid Loss: 21.8345, Valid RMSE: 33.8946, Valid MAPE: 0.1553, Train Time: 136.7693s/epoch, Valid Time: 19.7343s, LR: 6.2472e-04
2026-06-04 00:49:44,602 - Epoch: 044, Train Loss: 20.1081, Train RMSE: 32.0180, Train MAPE: 0.1310, Valid Loss: 21.2995, Valid RMSE: 33.6107, Valid MAPE: 0.1378, Train Time: 136.7740s/epoch, Valid Time: 19.7630s, LR: 6.0946e-04
2026-06-04 00:52:21,263 - Epoch: 045, Train Loss: 20.1090, Train RMSE: 31.9391, Train MAPE: 0.1317, Valid Loss: 21.4561, Valid RMSE: 33.9599, Valid MAPE: 0.1318, Train Time: 136.8843s/epoch, Valid Time: 19.7745s, LR: 5.9410e-04
2026-06-04 00:54:57,893 - Epoch: 046, Train Loss: 20.1356, Train RMSE: 31.9904, Train MAPE: 0.1319, Valid Loss: 21.1186, Valid RMSE: 33.4298, Valid MAPE: 0.1318, Train Time: 136.8698s/epoch, Valid Time: 19.7577s, LR: 5.7864e-04
2026-06-04 00:54:57,922 - Val loss decrease from 21.2887 to 21.1186
2026-06-04 00:57:34,635 - Epoch: 047, Train Loss: 20.0623, Train RMSE: 31.8929, Train MAPE: 0.1309, Valid Loss: 21.2149, Valid RMSE: 33.4718, Valid MAPE: 0.1343, Train Time: 136.9158s/epoch, Valid Time: 19.7969s, LR: 5.6310e-04
2026-06-04 01:00:11,308 - Epoch: 048, Train Loss: 20.0063, Train RMSE: 31.8175, Train MAPE: 0.1301, Valid Loss: 21.2123, Valid RMSE: 33.1375, Valid MAPE: 0.1525, Train Time: 136.8926s/epoch, Valid Time: 19.7774s, LR: 5.4751e-04
2026-06-04 01:02:48,048 - Epoch: 049, Train Loss: 19.8803, Train RMSE: 31.6097, Train MAPE: 0.1294, Valid Loss: 20.8990, Valid RMSE: 33.2275, Valid MAPE: 0.1259, Train Time: 136.9425s/epoch, Valid Time: 19.7952s, LR: 5.3186e-04
2026-06-04 01:02:48,077 - Val loss decrease from 21.1186 to 20.8990
2026-06-04 01:05:24,628 - Epoch: 050, Train Loss: 19.8888, Train RMSE: 31.6130, Train MAPE: 0.1292, Valid Loss: 20.6795, Valid RMSE: 32.8541, Valid MAPE: 0.1256, Train Time: 136.7768s/epoch, Valid Time: 19.7743s, LR: 5.1619e-04
2026-06-04 01:05:24,656 - Val loss decrease from 20.8990 to 20.6795
2026-06-04 01:08:01,436 - Epoch: 051, Train Loss: 19.8551, Train RMSE: 31.6013, Train MAPE: 0.1286, Valid Loss: 21.3525, Valid RMSE: 33.7199, Valid MAPE: 0.1377, Train Time: 136.9755s/epoch, Valid Time: 19.8042s, LR: 5.0050e-04
2026-06-04 01:10:38,216 - Epoch: 052, Train Loss: 19.8727, Train RMSE: 31.5874, Train MAPE: 0.1291, Valid Loss: 22.3631, Valid RMSE: 34.6625, Valid MAPE: 0.1417, Train Time: 137.0171s/epoch, Valid Time: 19.7603s, LR: 4.8481e-04
2026-06-04 01:13:14,983 - Epoch: 053, Train Loss: 19.6563, Train RMSE: 31.3269, Train MAPE: 0.1266, Valid Loss: 21.5575, Valid RMSE: 34.0621, Valid MAPE: 0.1278, Train Time: 136.9745s/epoch, Valid Time: 19.7899s, LR: 4.6914e-04
2026-06-04 01:15:51,638 - Epoch: 054, Train Loss: 19.6315, Train RMSE: 31.2719, Train MAPE: 0.1269, Valid Loss: 21.1776, Valid RMSE: 33.3969, Valid MAPE: 0.1322, Train Time: 136.8870s/epoch, Valid Time: 19.7660s, LR: 4.5349e-04
2026-06-04 01:18:28,390 - Epoch: 055, Train Loss: 19.5999, Train RMSE: 31.2626, Train MAPE: 0.1258, Valid Loss: 21.8843, Valid RMSE: 34.5057, Valid MAPE: 0.1330, Train Time: 136.9821s/epoch, Valid Time: 19.7674s, LR: 4.3790e-04
2026-06-04 01:21:05,207 - Epoch: 056, Train Loss: 19.5591, Train RMSE: 31.1966, Train MAPE: 0.1258, Valid Loss: 21.6414, Valid RMSE: 34.1599, Valid MAPE: 0.1385, Train Time: 137.0193s/epoch, Valid Time: 19.7959s, LR: 4.2236e-04
2026-06-04 01:23:41,970 - Epoch: 057, Train Loss: 19.4344, Train RMSE: 31.0765, Train MAPE: 0.1233, Valid Loss: 20.9521, Valid RMSE: 33.0521, Valid MAPE: 0.1282, Train Time: 136.9610s/epoch, Valid Time: 19.7994s, LR: 4.0690e-04
2026-06-04 01:26:18,604 - Epoch: 058, Train Loss: 19.3344, Train RMSE: 30.9098, Train MAPE: 0.1227, Valid Loss: 21.3007, Valid RMSE: 33.5672, Valid MAPE: 0.1357, Train Time: 136.8306s/epoch, Valid Time: 19.8010s, LR: 3.9154e-04
2026-06-04 01:28:55,357 - Epoch: 059, Train Loss: 19.2357, Train RMSE: 30.7917, Train MAPE: 0.1217, Valid Loss: 20.9929, Valid RMSE: 33.1258, Valid MAPE: 0.1299, Train Time: 136.9695s/epoch, Valid Time: 19.7812s, LR: 3.7628e-04
2026-06-04 01:31:32,082 - Epoch: 060, Train Loss: 19.2702, Train RMSE: 30.8004, Train MAPE: 0.1223, Valid Loss: 20.6675, Valid RMSE: 32.8312, Valid MAPE: 0.1294, Train Time: 136.9712s/epoch, Valid Time: 19.7507s, LR: 3.6114e-04
2026-06-04 01:31:32,111 - Val loss decrease from 20.6795 to 20.6675
2026-06-04 01:34:08,785 - Epoch: 061, Train Loss: 19.2864, Train RMSE: 30.8192, Train MAPE: 0.1229, Valid Loss: 21.3043, Valid RMSE: 33.4696, Valid MAPE: 0.1356, Train Time: 136.9027s/epoch, Valid Time: 19.7704s, LR: 3.4615e-04
2026-06-04 01:36:45,423 - Epoch: 062, Train Loss: 19.2020, Train RMSE: 30.7320, Train MAPE: 0.1215, Valid Loss: 20.5493, Valid RMSE: 32.7309, Valid MAPE: 0.1233, Train Time: 136.8551s/epoch, Valid Time: 19.7808s, LR: 3.3130e-04
2026-06-04 01:36:45,451 - Val loss decrease from 20.6675 to 20.5493
2026-06-04 01:39:22,169 - Epoch: 063, Train Loss: 19.1045, Train RMSE: 30.6126, Train MAPE: 0.1205, Valid Loss: 20.9788, Valid RMSE: 33.1731, Valid MAPE: 0.1327, Train Time: 136.9689s/epoch, Valid Time: 19.7490s, LR: 3.1662e-04
2026-06-04 01:41:58,842 - Epoch: 064, Train Loss: 19.1188, Train RMSE: 30.6414, Train MAPE: 0.1201, Valid Loss: 20.7310, Valid RMSE: 32.9202, Valid MAPE: 0.1226, Train Time: 136.8716s/epoch, Valid Time: 19.7989s, LR: 3.0212e-04
2026-06-04 01:44:35,631 - Epoch: 065, Train Loss: 18.9905, Train RMSE: 30.4693, Train MAPE: 0.1192, Valid Loss: 21.1107, Valid RMSE: 33.3321, Valid MAPE: 0.1332, Train Time: 137.0176s/epoch, Valid Time: 19.7691s, LR: 2.8782e-04
2026-06-04 01:47:12,306 - Epoch: 066, Train Loss: 18.9988, Train RMSE: 30.4646, Train MAPE: 0.1194, Valid Loss: 20.4128, Valid RMSE: 32.4221, Valid MAPE: 0.1236, Train Time: 136.8925s/epoch, Valid Time: 19.7797s, LR: 2.7373e-04
2026-06-04 01:47:12,334 - Val loss decrease from 20.5493 to 20.4128
2026-06-04 01:49:49,076 - Epoch: 067, Train Loss: 18.9918, Train RMSE: 30.4642, Train MAPE: 0.1186, Valid Loss: 20.5537, Valid RMSE: 32.5356, Valid MAPE: 0.1264, Train Time: 136.9076s/epoch, Valid Time: 19.8334s, LR: 2.5986e-04
2026-06-04 01:52:25,754 - Epoch: 068, Train Loss: 18.8742, Train RMSE: 30.3308, Train MAPE: 0.1176, Valid Loss: 20.4617, Valid RMSE: 32.4884, Valid MAPE: 0.1267, Train Time: 136.9442s/epoch, Valid Time: 19.7311s, LR: 2.4623e-04
2026-06-04 01:55:02,415 - Epoch: 069, Train Loss: 18.8132, Train RMSE: 30.2569, Train MAPE: 0.1166, Valid Loss: 20.5898, Valid RMSE: 32.6554, Valid MAPE: 0.1248, Train Time: 136.8813s/epoch, Valid Time: 19.7776s, LR: 2.3285e-04
2026-06-04 01:57:39,137 - Epoch: 070, Train Loss: 18.7510, Train RMSE: 30.1712, Train MAPE: 0.1163, Valid Loss: 20.5064, Valid RMSE: 32.6041, Valid MAPE: 0.1222, Train Time: 136.9335s/epoch, Valid Time: 19.7860s, LR: 2.1974e-04
2026-06-04 02:00:16,028 - Epoch: 071, Train Loss: 18.7328, Train RMSE: 30.1603, Train MAPE: 0.1156, Valid Loss: 20.4826, Valid RMSE: 32.4925, Valid MAPE: 0.1228, Train Time: 137.0637s/epoch, Valid Time: 19.8243s, LR: 2.0690e-04
2026-06-04 02:02:52,822 - Epoch: 072, Train Loss: 18.6802, Train RMSE: 30.0721, Train MAPE: 0.1152, Valid Loss: 20.3063, Valid RMSE: 32.2705, Valid MAPE: 0.1232, Train Time: 137.0469s/epoch, Valid Time: 19.7448s, LR: 1.9435e-04
2026-06-04 02:02:52,851 - Val loss decrease from 20.4128 to 20.3063
2026-06-04 02:05:29,491 - Epoch: 073, Train Loss: 18.6553, Train RMSE: 30.0400, Train MAPE: 0.1153, Valid Loss: 20.4133, Valid RMSE: 32.4413, Valid MAPE: 0.1196, Train Time: 136.9166s/epoch, Valid Time: 19.7226s, LR: 1.8211e-04
2026-06-04 02:08:06,186 - Epoch: 074, Train Loss: 18.6198, Train RMSE: 29.9978, Train MAPE: 0.1147, Valid Loss: 20.4207, Valid RMSE: 32.4898, Valid MAPE: 0.1248, Train Time: 136.9356s/epoch, Valid Time: 19.7565s, LR: 1.7017e-04
2026-06-04 02:10:42,932 - Epoch: 075, Train Loss: 18.5775, Train RMSE: 29.9289, Train MAPE: 0.1145, Valid Loss: 20.3755, Valid RMSE: 32.3789, Valid MAPE: 0.1202, Train Time: 136.9660s/epoch, Valid Time: 19.7782s, LR: 1.5857e-04
2026-06-04 02:13:19,629 - Epoch: 076, Train Loss: 18.5284, Train RMSE: 29.8927, Train MAPE: 0.1136, Valid Loss: 20.1982, Valid RMSE: 32.0989, Valid MAPE: 0.1219, Train Time: 136.9303s/epoch, Valid Time: 19.7641s, LR: 1.4730e-04
2026-06-04 02:13:19,658 - Val loss decrease from 20.3063 to 20.1982
2026-06-04 02:15:56,300 - Epoch: 077, Train Loss: 18.4638, Train RMSE: 29.8103, Train MAPE: 0.1129, Valid Loss: 20.1792, Valid RMSE: 32.1984, Valid MAPE: 0.1197, Train Time: 136.8959s/epoch, Valid Time: 19.7460s, LR: 1.3638e-04
2026-06-04 02:15:56,330 - Val loss decrease from 20.1982 to 20.1792
2026-06-04 02:18:32,925 - Epoch: 078, Train Loss: 18.4399, Train RMSE: 29.7769, Train MAPE: 0.1129, Valid Loss: 20.2315, Valid RMSE: 32.2326, Valid MAPE: 0.1208, Train Time: 136.8678s/epoch, Valid Time: 19.7268s, LR: 1.2582e-04
2026-06-04 02:21:09,532 - Epoch: 079, Train Loss: 18.4174, Train RMSE: 29.7643, Train MAPE: 0.1120, Valid Loss: 20.4570, Valid RMSE: 32.5298, Valid MAPE: 0.1233, Train Time: 136.8503s/epoch, Valid Time: 19.7543s, LR: 1.1563e-04
2026-06-04 02:23:46,104 - Epoch: 080, Train Loss: 18.3924, Train RMSE: 29.7300, Train MAPE: 0.1121, Valid Loss: 20.4132, Valid RMSE: 32.4345, Valid MAPE: 0.1232, Train Time: 136.8242s/epoch, Valid Time: 19.7453s, LR: 1.0582e-04
2026-06-04 02:26:22,794 - Epoch: 081, Train Loss: 18.3445, Train RMSE: 29.6535, Train MAPE: 0.1116, Valid Loss: 20.1837, Valid RMSE: 32.2560, Valid MAPE: 0.1202, Train Time: 136.9257s/epoch, Valid Time: 19.7616s, LR: 9.6396e-05
2026-06-04 02:28:59,516 - Epoch: 082, Train Loss: 18.3042, Train RMSE: 29.6230, Train MAPE: 0.1109, Valid Loss: 19.9942, Valid RMSE: 31.9114, Valid MAPE: 0.1183, Train Time: 136.9603s/epoch, Valid Time: 19.7592s, LR: 8.7373e-05
2026-06-04 02:28:59,544 - Val loss decrease from 20.1792 to 19.9942
2026-06-04 02:31:36,219 - Epoch: 083, Train Loss: 18.2838, Train RMSE: 29.5858, Train MAPE: 0.1106, Valid Loss: 20.1881, Valid RMSE: 32.1598, Valid MAPE: 0.1225, Train Time: 136.8824s/epoch, Valid Time: 19.7916s, LR: 7.8758e-05
2026-06-04 02:34:12,940 - Epoch: 084, Train Loss: 18.2398, Train RMSE: 29.5304, Train MAPE: 0.1104, Valid Loss: 20.0614, Valid RMSE: 32.0284, Valid MAPE: 0.1171, Train Time: 136.9708s/epoch, Valid Time: 19.7481s, LR: 7.0559e-05
2026-06-04 02:36:49,585 - Epoch: 085, Train Loss: 18.1941, Train RMSE: 29.4783, Train MAPE: 0.1097, Valid Loss: 20.1397, Valid RMSE: 32.2370, Valid MAPE: 0.1184, Train Time: 136.8694s/epoch, Valid Time: 19.7731s, LR: 6.2785e-05
2026-06-04 02:39:26,190 - Epoch: 086, Train Loss: 18.1912, Train RMSE: 29.4756, Train MAPE: 0.1095, Valid Loss: 20.0620, Valid RMSE: 32.0316, Valid MAPE: 0.1184, Train Time: 136.8879s/epoch, Valid Time: 19.7151s, LR: 5.5442e-05
2026-06-04 02:42:02,949 - Epoch: 087, Train Loss: 18.1506, Train RMSE: 29.4202, Train MAPE: 0.1094, Valid Loss: 19.9402, Valid RMSE: 31.8956, Valid MAPE: 0.1164, Train Time: 136.9609s/epoch, Valid Time: 19.7954s, LR: 4.8539e-05
2026-06-04 02:42:02,977 - Val loss decrease from 19.9942 to 19.9402
2026-06-04 02:44:39,676 - Epoch: 088, Train Loss: 18.1373, Train RMSE: 29.4119, Train MAPE: 0.1090, Valid Loss: 19.9903, Valid RMSE: 31.9312, Valid MAPE: 0.1166, Train Time: 136.9394s/epoch, Valid Time: 19.7589s, LR: 4.2082e-05
2026-06-04 02:47:16,479 - Epoch: 089, Train Loss: 18.1134, Train RMSE: 29.3845, Train MAPE: 0.1087, Valid Loss: 19.9348, Valid RMSE: 31.8312, Valid MAPE: 0.1168, Train Time: 136.9651s/epoch, Valid Time: 19.8355s, LR: 3.6077e-05
2026-06-04 02:47:16,508 - Val loss decrease from 19.9402 to 19.9348
2026-06-04 02:49:53,363 - Epoch: 090, Train Loss: 18.0812, Train RMSE: 29.3446, Train MAPE: 0.1085, Valid Loss: 19.9802, Valid RMSE: 31.9794, Valid MAPE: 0.1169, Train Time: 137.0310s/epoch, Valid Time: 19.8233s, LR: 3.0530e-05
2026-06-04 02:52:30,011 - Epoch: 091, Train Loss: 18.0663, Train RMSE: 29.3203, Train MAPE: 0.1084, Valid Loss: 19.9465, Valid RMSE: 31.8704, Valid MAPE: 0.1188, Train Time: 136.8578s/epoch, Valid Time: 19.7873s, LR: 2.5447e-05
2026-06-04 02:55:06,743 - Epoch: 092, Train Loss: 18.0529, Train RMSE: 29.3142, Train MAPE: 0.1081, Valid Loss: 19.9683, Valid RMSE: 31.9413, Valid MAPE: 0.1166, Train Time: 136.9089s/epoch, Valid Time: 19.8212s, LR: 2.0833e-05
2026-06-04 02:57:43,469 - Epoch: 093, Train Loss: 18.0311, Train RMSE: 29.2820, Train MAPE: 0.1078, Valid Loss: 19.9622, Valid RMSE: 31.9589, Valid MAPE: 0.1162, Train Time: 136.9167s/epoch, Valid Time: 19.8071s, LR: 1.6693e-05
2026-06-04 03:00:20,241 - Epoch: 094, Train Loss: 18.0244, Train RMSE: 29.2760, Train MAPE: 0.1077, Valid Loss: 19.9246, Valid RMSE: 31.8926, Valid MAPE: 0.1160, Train Time: 137.0003s/epoch, Valid Time: 19.7694s, LR: 1.3030e-05
2026-06-04 03:00:20,269 - Val loss decrease from 19.9348 to 19.9246
2026-06-04 03:02:56,934 - Epoch: 095, Train Loss: 18.0122, Train RMSE: 29.2654, Train MAPE: 0.1076, Valid Loss: 19.9396, Valid RMSE: 31.8844, Valid MAPE: 0.1175, Train Time: 136.9010s/epoch, Valid Time: 19.7627s, LR: 9.8475e-06
2026-06-04 03:05:33,639 - Epoch: 096, Train Loss: 18.0038, Train RMSE: 29.2472, Train MAPE: 0.1074, Valid Loss: 19.9495, Valid RMSE: 31.9041, Valid MAPE: 0.1173, Train Time: 136.9383s/epoch, Valid Time: 19.7648s, LR: 7.1497e-06
2026-06-04 03:08:10,444 - Epoch: 097, Train Loss: 17.9901, Train RMSE: 29.2372, Train MAPE: 0.1074, Valid Loss: 19.9380, Valid RMSE: 31.8992, Valid MAPE: 0.1169, Train Time: 137.0234s/epoch, Valid Time: 19.7796s, LR: 4.9387e-06
2026-06-04 03:10:47,234 - Epoch: 098, Train Loss: 17.9899, Train RMSE: 29.2378, Train MAPE: 0.1073, Valid Loss: 19.9298, Valid RMSE: 31.8943, Valid MAPE: 0.1162, Train Time: 136.9753s/epoch, Valid Time: 19.8118s, LR: 3.2168e-06
2026-06-04 03:13:23,909 - Epoch: 099, Train Loss: 17.9906, Train RMSE: 29.2397, Train MAPE: 0.1073, Valid Loss: 19.9794, Valid RMSE: 31.9530, Valid MAPE: 0.1172, Train Time: 136.9250s/epoch, Valid Time: 19.7472s, LR: 1.9856e-06
2026-06-04 03:16:00,532 - Epoch: 100, Train Loss: 17.9822, Train RMSE: 29.2276, Train MAPE: 0.1072, Valid Loss: 19.9384, Valid RMSE: 31.9077, Valid MAPE: 0.1164, Train Time: 136.8531s/epoch, Valid Time: 19.7676s, LR: 1.2465e-06
Check mask value tensor(0.)
2026-06-04 03:16:18,958 - Horizon 1, Test MAE: 14.0589, Test RMSE: 21.9622, Test MAPE: 0.0885
2026-06-04 03:16:19,061 - Horizon 2, Test MAE: 16.9289, Test RMSE: 26.8891, Test MAPE: 0.1033
2026-06-04 03:16:19,163 - Horizon 3, Test MAE: 18.7493, Test RMSE: 29.8202, Test MAPE: 0.1131
2026-06-04 03:16:19,265 - Horizon 4, Test MAE: 19.9950, Test RMSE: 31.6647, Test MAPE: 0.1202
2026-06-04 03:16:19,367 - Horizon 5, Test MAE: 21.5307, Test RMSE: 33.7474, Test MAPE: 0.1309
2026-06-04 03:16:19,468 - Horizon 6, Test MAE: 22.2900, Test RMSE: 34.8977, Test MAPE: 0.1369
2026-06-04 03:16:19,571 - Horizon 7, Test MAE: 22.6902, Test RMSE: 35.7212, Test MAPE: 0.1402
2026-06-04 03:16:19,673 - Horizon 8, Test MAE: 23.1937, Test RMSE: 36.7856, Test MAPE: 0.1446
2026-06-04 03:16:19,774 - Horizon 9, Test MAE: 24.2296, Test RMSE: 38.7183, Test MAPE: 0.1526
2026-06-04 03:16:19,876 - Horizon 10, Test MAE: 25.3193, Test RMSE: 40.6991, Test MAPE: 0.1609
2026-06-04 03:16:19,977 - Horizon 11, Test MAE: 26.6633, Test RMSE: 43.0022, Test MAPE: 0.1705
2026-06-04 03:16:20,078 - Horizon 12, Test MAE: 28.2462, Test RMSE: 45.5085, Test MAPE: 0.1813
2026-06-04 03:16:20,079 - Average Test MAE: 21.9913, Test RMSE: 34.9513, Test MAPE: 0.1369
