warning: `VIRTUAL_ENV=/u/tliao2/TrafficFM/.venv` does not match the project environment path `.venv` and will be ignored; use `--active` to target the active environment instead
wandb: [wandb.login()] Loaded credentials for https://api.wandb.ai from /u/tliao2/.netrc.
wandb: Currently logged in as: tliao730 (TrafficFM) to https://api.wandb.ai. Use `wandb login --relogin` to force relogin
wandb: setting up run rhzotwrm
wandb: Tracking run with wandb version 0.26.1
wandb: Run data is saved locally in /u/tliao2/TrafficFM/benchmark/gnn/wandb/run-20260604_151036-rhzotwrm
wandb: Run `wandb offline` to turn off syncing.
wandb: Syncing run D2STGNN_SD2018_s2023
wandb: ⭐️ View project at https://wandb.ai/TrafficFM/TrafficFM
wandb: 🚀 View run at https://wandb.ai/TrafficFM/TrafficFM/runs/rhzotwrm
Traceback (most recent call last):
  File "/u/tliao2/TrafficFM/benchmark/gnn/d2stgnn.py", line 157, in <module>
    main()
  File "/u/tliao2/TrafficFM/benchmark/gnn/d2stgnn.py", line 144, in main
    engine.train()
  File "/u/tliao2/TrafficFM/benchmark/gnn/src/base/engine.py", line 142, in train
    mtrain_loss, mtrain_mape, mtrain_rmse = self.train_batch()
  File "/u/tliao2/TrafficFM/benchmark/gnn/src/engines/d2stgnn_engine.py", line 26, in train_batch
    pred = self.model(X, label)
  File "/u/tliao2/TrafficFM/benchmark/gnn/.venv/lib/python3.10/site-packages/torch/nn/modules/module.py", line 1776, in _wrapped_call_impl
    return self._call_impl(*args, **kwargs)
  File "/u/tliao2/TrafficFM/benchmark/gnn/.venv/lib/python3.10/site-packages/torch/nn/modules/module.py", line 1787, in _call_impl
    return forward_call(*args, **kwargs)
  File "/u/tliao2/TrafficFM/benchmark/gnn/src/models/d2stgnn.py", line 96, in forward
    inh_backcast_seq_res, dif_forecast_hidden, inh_forecast_hidden = layer(inh_backcast_seq_res, dynamic_graph, static_graph, node_embedding_u, node_embedding_d, time_in_day_feat, day_in_week_feat)
  File "/u/tliao2/TrafficFM/benchmark/gnn/.venv/lib/python3.10/site-packages/torch/nn/modules/module.py", line 1776, in _wrapped_call_impl
    return self._call_impl(*args, **kwargs)
  File "/u/tliao2/TrafficFM/benchmark/gnn/.venv/lib/python3.10/site-packages/torch/nn/modules/module.py", line 1787, in _call_impl
    return forward_call(*args, **kwargs)
  File "/u/tliao2/TrafficFM/benchmark/gnn/src/models/d2stgnn.py", line 120, in forward
    dif_backcast_seq_res, dif_forecast_hidden = self.dif_layer(history_data=history_data, gated_history_data=gated_history_data, dynamic_graph=dynamic_graph, static_graph=static_graph)
  File "/u/tliao2/TrafficFM/benchmark/gnn/.venv/lib/python3.10/site-packages/torch/nn/modules/module.py", line 1776, in _wrapped_call_impl
    return self._call_impl(*args, **kwargs)
  File "/u/tliao2/TrafficFM/benchmark/gnn/.venv/lib/python3.10/site-packages/torch/nn/modules/module.py", line 1787, in _call_impl
    return forward_call(*args, **kwargs)
  File "/u/tliao2/TrafficFM/benchmark/gnn/src/models/d2stgnn.py", line 171, in forward
    hidden_states_dif = self.localized_st_conv(gated_history_data, dynamic_graph, static_graph)
  File "/u/tliao2/TrafficFM/benchmark/gnn/.venv/lib/python3.10/site-packages/torch/nn/modules/module.py", line 1776, in _wrapped_call_impl
    return self._call_impl(*args, **kwargs)
  File "/u/tliao2/TrafficFM/benchmark/gnn/.venv/lib/python3.10/site-packages/torch/nn/modules/module.py", line 1787, in _call_impl
    return forward_call(*args, **kwargs)
  File "/u/tliao2/TrafficFM/benchmark/gnn/src/models/d2stgnn.py", line 260, in forward
    out = self.fc_list_updt(X)
  File "/u/tliao2/TrafficFM/benchmark/gnn/.venv/lib/python3.10/site-packages/torch/nn/modules/module.py", line 1776, in _wrapped_call_impl
    return self._call_impl(*args, **kwargs)
  File "/u/tliao2/TrafficFM/benchmark/gnn/.venv/lib/python3.10/site-packages/torch/nn/modules/module.py", line 1787, in _call_impl
    return forward_call(*args, **kwargs)
  File "/u/tliao2/TrafficFM/benchmark/gnn/.venv/lib/python3.10/site-packages/torch/nn/modules/linear.py", line 134, in forward
    return F.linear(input, self.weight, self.bias)
torch.OutOfMemoryError: CUDA out of memory. Tried to allocate 102.00 MiB. GPU 0 has a total capacity of 39.49 GiB of which 69.56 MiB is free. Including non-PyTorch memory, this process has 39.42 GiB memory in use. Of the allocated memory 38.64 GiB is allocated by PyTorch, and 294.29 MiB is reserved by PyTorch but unallocated. If reserved but unallocated memory is large try setting PYTORCH_ALLOC_CONF=expandable_segments:True to avoid fragmentation.  See documentation for Memory Management  (https://pytorch.org/docs/stable/notes/cuda.html#environment-variables)
Traceback (most recent call last):
  File "/u/tliao2/TrafficFM/benchmark/gnn/d2stgnn.py", line 157, in <module>
    main()
  File "/u/tliao2/TrafficFM/benchmark/gnn/d2stgnn.py", line 144, in main
    engine.train()
  File "/u/tliao2/TrafficFM/benchmark/gnn/src/base/engine.py", line 142, in train
    mtrain_loss, mtrain_mape, mtrain_rmse = self.train_batch()
  File "/u/tliao2/TrafficFM/benchmark/gnn/src/engines/d2stgnn_engine.py", line 26, in train_batch
    pred = self.model(X, label)
  File "/u/tliao2/TrafficFM/benchmark/gnn/.venv/lib/python3.10/site-packages/torch/nn/modules/module.py", line 1776, in _wrapped_call_impl
    return self._call_impl(*args, **kwargs)
  File "/u/tliao2/TrafficFM/benchmark/gnn/.venv/lib/python3.10/site-packages/torch/nn/modules/module.py", line 1787, in _call_impl
    return forward_call(*args, **kwargs)
  File "/u/tliao2/TrafficFM/benchmark/gnn/src/models/d2stgnn.py", line 96, in forward
    inh_backcast_seq_res, dif_forecast_hidden, inh_forecast_hidden = layer(inh_backcast_seq_res, dynamic_graph, static_graph, node_embedding_u, node_embedding_d, time_in_day_feat, day_in_week_feat)
  File "/u/tliao2/TrafficFM/benchmark/gnn/.venv/lib/python3.10/site-packages/torch/nn/modules/module.py", line 1776, in _wrapped_call_impl
    return self._call_impl(*args, **kwargs)
  File "/u/tliao2/TrafficFM/benchmark/gnn/.venv/lib/python3.10/site-packages/torch/nn/modules/module.py", line 1787, in _call_impl
    return forward_call(*args, **kwargs)
  File "/u/tliao2/TrafficFM/benchmark/gnn/src/models/d2stgnn.py", line 120, in forward
    dif_backcast_seq_res, dif_forecast_hidden = self.dif_layer(history_data=history_data, gated_history_data=gated_history_data, dynamic_graph=dynamic_graph, static_graph=static_graph)
  File "/u/tliao2/TrafficFM/benchmark/gnn/.venv/lib/python3.10/site-packages/torch/nn/modules/module.py", line 1776, in _wrapped_call_impl
    return self._call_impl(*args, **kwargs)
  File "/u/tliao2/TrafficFM/benchmark/gnn/.venv/lib/python3.10/site-packages/torch/nn/modules/module.py", line 1787, in _call_impl
    return forward_call(*args, **kwargs)
  File "/u/tliao2/TrafficFM/benchmark/gnn/src/models/d2stgnn.py", line 171, in forward
    hidden_states_dif = self.localized_st_conv(gated_history_data, dynamic_graph, static_graph)
  File "/u/tliao2/TrafficFM/benchmark/gnn/.venv/lib/python3.10/site-packages/torch/nn/modules/module.py", line 1776, in _wrapped_call_impl
    return self._call_impl(*args, **kwargs)
  File "/u/tliao2/TrafficFM/benchmark/gnn/.venv/lib/python3.10/site-packages/torch/nn/modules/module.py", line 1787, in _call_impl
    return forward_call(*args, **kwargs)
  File "/u/tliao2/TrafficFM/benchmark/gnn/src/models/d2stgnn.py", line 260, in forward
    out = self.fc_list_updt(X)
  File "/u/tliao2/TrafficFM/benchmark/gnn/.venv/lib/python3.10/site-packages/torch/nn/modules/module.py", line 1776, in _wrapped_call_impl
    return self._call_impl(*args, **kwargs)
  File "/u/tliao2/TrafficFM/benchmark/gnn/.venv/lib/python3.10/site-packages/torch/nn/modules/module.py", line 1787, in _call_impl
    return forward_call(*args, **kwargs)
  File "/u/tliao2/TrafficFM/benchmark/gnn/.venv/lib/python3.10/site-packages/torch/nn/modules/linear.py", line 134, in forward
    return F.linear(input, self.weight, self.bias)
torch.OutOfMemoryError: CUDA out of memory. Tried to allocate 102.00 MiB. GPU 0 has a total capacity of 39.49 GiB of which 69.56 MiB is free. Including non-PyTorch memory, this process has 39.42 GiB memory in use. Of the allocated memory 38.64 GiB is allocated by PyTorch, and 294.29 MiB is reserved by PyTorch but unallocated. If reserved but unallocated memory is large try setting PYTORCH_ALLOC_CONF=expandable_segments:True to avoid fragmentation.  See documentation for Memory Management  (https://pytorch.org/docs/stable/notes/cuda.html#environment-variables)
